Component: ARM Compiler 5.05 update 1 (build 106) Tool: armlink [4d0efa]

==============================================================================

Section Cross References

    main.o(i.main) refers to misc.o(i.NVIC_PriorityGroupConfig) for NVIC_PriorityGroupConfig
    main.o(i.main) refers to usart.o(i.uart1_init) for uart1_init
    main.o(i.main) refers to usart.o(i.uart2_init) for uart2_init
    main.o(i.main) refers to delay.o(i.delay_init) for delay_init
    main.o(i.main) refers to led.o(i.LED_Init) for LED_Init
    main.o(i.main) refers to motor.o(i.motor_Init) for motor_Init
    main.o(i.main) refers to track.o(i.track_init) for track_init
    main.o(i.main) refers to fire.o(i.fire_init) for fire_init
    main.o(i.main) refers to mpu6050.o(i.MPU_Init) for MPU_Init
    main.o(i.main) refers to timer.o(i.TIM3_PWM_Init) for TIM3_PWM_Init
    main.o(i.main) refers to timer.o(i.TIM2_Int_Init) for TIM2_Int_Init
    main.o(i.main) refers to inv_mpu.o(i.mpu_dmp_init) for mpu_dmp_init
    main.o(i.main) refers to hc-sr501.o(i.dection_people) for dection_people
    main.o(i.main) refers to fire.o(i.judge_fire) for judge_fire
    main.o(i.main) refers to key.o(i.KEY_Scan) for KEY_Scan
    main.o(i.main) refers to inv_mpu.o(i.mpu_dmp_get_data) for mpu_dmp_get_data
    main.o(i.main) refers to mpu6050.o(i.MPU_Get_Temperature) for MPU_Get_Temperature
    main.o(i.main) refers to mpu6050.o(i.MPU_Get_Accelerometer) for MPU_Get_Accelerometer
    main.o(i.main) refers to mpu6050.o(i.MPU_Get_Gyroscope) for MPU_Get_Gyroscope
    main.o(i.main) refers to fmul.o(.text) for __aeabi_fmul
    main.o(i.main) refers to stm32f10x_tim.o(i.TIM_SetCompare1) for TIM_SetCompare1
    main.o(i.main) refers to stm32f10x_tim.o(i.TIM_SetCompare2) for TIM_SetCompare2
    main.o(i.main) refers to track.o(i.track) for track
    main.o(i.main) refers to track.o(i.detection_forks) for detection_forks
    main.o(i.main) refers to timer.o(.data) for people
    main.o(i.main) refers to usart.o(.data) for PWM1
    system_stm32f10x.o(i.SetSysClock) refers to system_stm32f10x.o(i.SetSysClockTo72) for SetSysClockTo72
    system_stm32f10x.o(i.SystemCoreClockUpdate) refers to system_stm32f10x.o(.data) for SystemCoreClock
    system_stm32f10x.o(i.SystemInit) refers to system_stm32f10x.o(i.SetSysClock) for SetSysClock
    startup_stm32f10x_hd.o(RESET) refers to startup_stm32f10x_hd.o(STACK) for __initial_sp
    startup_stm32f10x_hd.o(RESET) refers to startup_stm32f10x_hd.o(.text) for Reset_Handler
    startup_stm32f10x_hd.o(RESET) refers to stm32f10x_it.o(i.NMI_Handler) for NMI_Handler
    startup_stm32f10x_hd.o(RESET) refers to stm32f10x_it.o(i.HardFault_Handler) for HardFault_Handler
    startup_stm32f10x_hd.o(RESET) refers to stm32f10x_it.o(i.MemManage_Handler) for MemManage_Handler
    startup_stm32f10x_hd.o(RESET) refers to stm32f10x_it.o(i.BusFault_Handler) for BusFault_Handler
    startup_stm32f10x_hd.o(RESET) refers to stm32f10x_it.o(i.UsageFault_Handler) for UsageFault_Handler
    startup_stm32f10x_hd.o(RESET) refers to stm32f10x_it.o(i.SVC_Handler) for SVC_Handler
    startup_stm32f10x_hd.o(RESET) refers to stm32f10x_it.o(i.DebugMon_Handler) for DebugMon_Handler
    startup_stm32f10x_hd.o(RESET) refers to stm32f10x_it.o(i.PendSV_Handler) for PendSV_Handler
    startup_stm32f10x_hd.o(RESET) refers to stm32f10x_it.o(i.SysTick_Handler) for SysTick_Handler
    startup_stm32f10x_hd.o(RESET) refers to timer.o(i.TIM2_IRQHandler) for TIM2_IRQHandler
    startup_stm32f10x_hd.o(RESET) refers to usmart.o(i.TIM4_IRQHandler) for TIM4_IRQHandler
    startup_stm32f10x_hd.o(RESET) refers to usart.o(i.USART1_IRQHandler) for USART1_IRQHandler
    startup_stm32f10x_hd.o(RESET) refers to usart.o(i.USART2_IRQHandler) for USART2_IRQHandler
    startup_stm32f10x_hd.o(.text) refers to system_stm32f10x.o(i.SystemInit) for SystemInit
    startup_stm32f10x_hd.o(.text) refers to entry.o(.ARM.Collect$$$$00000000) for __main
    stm32f10x_adc.o(i.ADC_DeInit) refers to stm32f10x_rcc.o(i.RCC_APB2PeriphResetCmd) for RCC_APB2PeriphResetCmd
    stm32f10x_bkp.o(i.BKP_DeInit) refers to stm32f10x_rcc.o(i.RCC_BackupResetCmd) for RCC_BackupResetCmd
    stm32f10x_can.o(i.CAN_DeInit) refers to stm32f10x_rcc.o(i.RCC_APB1PeriphResetCmd) for RCC_APB1PeriphResetCmd
    stm32f10x_can.o(i.CAN_GetITStatus) refers to stm32f10x_can.o(i.CheckITStatus) for CheckITStatus
    stm32f10x_cec.o(i.CEC_DeInit) refers to stm32f10x_rcc.o(i.RCC_APB1PeriphResetCmd) for RCC_APB1PeriphResetCmd
    stm32f10x_dac.o(i.DAC_DeInit) refers to stm32f10x_rcc.o(i.RCC_APB1PeriphResetCmd) for RCC_APB1PeriphResetCmd
    stm32f10x_flash.o(i.FLASH_EnableWriteProtection) refers to stm32f10x_flash.o(i.FLASH_WaitForLastOperation) for FLASH_WaitForLastOperation
    stm32f10x_flash.o(i.FLASH_EraseAllBank1Pages) refers to stm32f10x_flash.o(i.FLASH_WaitForLastBank1Operation) for FLASH_WaitForLastBank1Operation
[...]
    SetSysClock                              0x0800161f   Thumb Code     8  system_stm32f10x.o(i.SetSysClock)
    i.SetSysClockTo72                        0x08001628   Section        0  system_stm32f10x.o(i.SetSysClockTo72)
    SetSysClockTo72                          0x08001629   Thumb Code   214  system_stm32f10x.o(i.SetSysClockTo72)
    i.SysTick_CLKSourceConfig                0x08001708   Section        0  misc.o(i.SysTick_CLKSourceConfig)
    i.SysTick_Handler                        0x08001730   Section        0  stm32f10x_it.o(i.SysTick_Handler)
    i.SystemInit                             0x08001734   Section        0  system_stm32f10x.o(i.SystemInit)
    i.TIM2_IRQHandler                        0x08001794   Section        0  timer.o(i.TIM2_IRQHandler)
    i.TIM2_Int_Init                          0x080017f8   Section        0  timer.o(i.TIM2_Int_Init)
    i.TIM3_PWM_Init                          0x08001854   Section        0  timer.o(i.TIM3_PWM_Init)
    i.TIM4_IRQHandler                        0x08001954   Section        0  usmart.o(i.TIM4_IRQHandler)
    i.TIM_ClearFlag                          0x0800198c   Section        0  stm32f10x_tim.o(i.TIM_ClearFlag)
    i.TIM_ClearITPendingBit                  0x08001992   Section        0  stm32f10x_tim.o(i.TIM_ClearITPendingBit)
    i.TIM_Cmd                                0x08001998   Section        0  stm32f10x_tim.o(i.TIM_Cmd)
    i.TIM_GetCounter                         0x080019b0   Section        0  stm32f10x_tim.o(i.TIM_GetCounter)
    i.TIM_GetFlagStatus                      0x080019b6   Section        0  stm32f10x_tim.o(i.TIM_GetFlagStatus)
    i.TIM_GetITStatus                        0x080019c8   Section        0  stm32f10x_tim.o(i.TIM_GetITStatus)
    i.TIM_ITConfig                           0x080019ea   Section        0  stm32f10x_tim.o(i.TIM_ITConfig)
    i.TIM_OC1Init                            0x080019fc   Section        0  stm32f10x_tim.o(i.TIM_OC1Init)
    i.TIM_OC2Init                            0x08001a94   Section        0  stm32f10x_tim.o(i.TIM_OC2Init)
    i.TIM_OC2PreloadConfig                   0x08001b38   Section        0  stm32f10x_tim.o(i.TIM_OC2PreloadConfig)
    i.TIM_OC3Init                            0x08001b54   Section        0  stm32f10x_tim.o(i.TIM_OC3Init)
    i.TIM_OC3PreloadConfig                   0x08001bf4   Section        0  stm32f10x_tim.o(i.TIM_OC3PreloadConfig)
    i.TIM_OC4Init                            0x08001c08   Section        0  stm32f10x_tim.o(i.TIM_OC4Init)
    i.TIM_OC4PreloadConfig                   0x08001c84   Section        0  stm32f10x_tim.o(i.TIM_OC4PreloadConfig)
    i.TIM_SetAutoreload                      0x08001c9e   Section        0  stm32f10x_tim.o(i.TIM_SetAutoreload)
    i.TIM_SetCompare1                        0x08001ca2   Section        0  stm32f10x_tim.o(i.TIM_SetCompare1)
    i.TIM_SetCompare2                        0x08001ca6   Section        0  stm32f10x_tim.o(i.TIM_SetCompare2)
    i.TIM_SetCompare3                        0x08001caa   Section        0  stm32f10x_tim.o(i.TIM_SetCompare3)
    i.TIM_SetCompare4                        0x08001cae   Section        0  stm32f10x_tim.o(i.TIM_SetCompare4)
    i.TIM_SetCounter                         0x08001cb4   Section        0  stm32f10x_tim.o(i.TIM_SetCounter)
    i.TIM_TimeBaseInit                       0x08001cb8   Section        0  stm32f10x_tim.o(i.TIM_TimeBaseInit)
    i.Timer4_Init                            0x08001d5c   Section        0  usmart.o(i.Timer4_Init)
    i.USART1_IRQHandler                      0x08001db8   Section        0  usart.o(i.USART1_IRQHandler)
    i.USART2_IRQHandler                      0x08001f28   Section        0  usart.o(i.USART2_IRQHandler)
    i.USART_Cmd                              0x08001fcc   Section        0  stm32f10x_usart.o(i.USART_Cmd)
    i.USART_GetITStatus                      0x08001fe4   Section        0  stm32f10x_usart.o(i.USART_GetITStatus)
    i.USART_ITConfig                         0x08002038   Section        0  stm32f10x_usart.o(i.USART_ITConfig)
    i.USART_Init                             0x08002084   Section        0  stm32f10x_usart.o(i.USART_Init)
    i.USART_ReceiveData                      0x0800215c   Section        0  stm32f10x_usart.o(i.USART_ReceiveData)
    i.UsageFault_Handler                     0x08002166   Section        0  stm32f10x_it.o(i.UsageFault_Handler)
    i.__0printf                              0x0800216c   Section        0  printfa.o(i.__0printf)
    i.__ARM_fpclassify                       0x0800218c   Section        0  fpclassify.o(i.__ARM_fpclassify)
    i.__kernel_poly                          0x080021b4   Section        0  poly.o(i.__kernel_poly)
    i.__mathlib_dbl_infnan                   0x0800225e   Section        0  dunder.o(i.__mathlib_dbl_infnan)
    i.__mathlib_dbl_infnan2                  0x08002264   Section        0  dunder.o(i.__mathlib_dbl_infnan2)
    i.__mathlib_dbl_invalid                  0x08002268   Section        0  dunder.o(i.__mathlib_dbl_invalid)
    i.__mathlib_dbl_underflow                0x08002274   Section        0  dunder.o(i.__mathlib_dbl_underflow)
    i.__scatterload_copy                     0x08002284   Section       14  handlers.o(i.__scatterload_copy)
    i.__scatterload_null                     0x08002292   Section        2  handlers.o(i.__scatterload_null)
    i.__scatterload_zeroinit                 0x08002294   Section       14  handlers.o(i.__scatterload_zeroinit)
    i.__set_errno                            0x080022a4   Section        0  errno.o(i.__set_errno)
    i._fp_digits                             0x080022b0   Section        0  printfa.o(i._fp_digits)
    _fp_digits                               0x080022b1   Thumb Code   334  printfa.o(i._fp_digits)
    i._printf_core                           0x08002414   Section        0  printfa.o(i._printf_core)
    _printf_core                             0x08002415   Thumb Code  1744  printfa.o(i._printf_core)
    i._printf_post_padding                   0x08002af0   Section        0  printfa.o(i._printf_post_padding)
    _printf_post_padding                     0x08002af1   Thumb Code    36  printfa.o(i._printf_post_padding)
    i._printf_pre_padding                    0x08002b14   Section        0  printfa.o(i._printf_pre_padding)
    _printf_pre_padding                      0x08002b15   Thumb Code    46  printfa.o(i._printf_pre_padding)
    i.accel_self_test                        0x08002b44   Section        0  inv_mpu.o(i.accel_self_test)
    accel_self_test                          0x08002b45   Thumb Code   164  inv_mpu.o(i.accel_self_test)
    i.asin                                   0x08002bec   Section        0  asin.o(i.asin)
    i.atan                                   0x08002e5c   Section        0  atan.o(i.atan)
    i.atan2                                  0x0800307c   Section        0  atan2.o(i.atan2)
    i.back                                   0x080031fc   Section        0  motor.o(i.back)
    i.decode_gesture                         0x0800323c   Section        0  inv_mpu_dmp_motion_driver.o(i.decode_gesture)
    decode_gesture                           0x0800323d   Thumb Code    94  inv_mpu_dmp_motion_driver.o(i.decode_gesture)
    i.dection_people                         0x080032a0   Section        0  hc-sr501.o(i.dection_people)
    i.delay_init                             0x080032cc   Section        0  delay.o(i.delay_init)
    i.delay_ms                               0x08003310   Section        0  delay.o(i.delay_ms)
    i.delay_us                               0x0800335c   Section        0  delay.o(i.delay_us)
    i.detection_forks                        0x080033a8   Section        0  track.o(i.detection_forks)
    i.dmp_enable_6x_lp_quat                  0x08003470   Section        0  inv_mpu_dmp_motion_driver.o(i.dmp_enable_6x_lp_quat)
    i.dmp_enable_feature                     0x080034ac   Section        0  inv_mpu_dmp_motion_driver.o(i.dmp_enable_feature)
    i.dmp_enable_gyro_cal                    0x080036c8   Section        0  inv_mpu_dmp_motion_driver.o(i.dmp_enable_gyro_cal)
    i.dmp_enable_lp_quat                     0x08003720   Section        0  inv_mpu_dmp_motion_driver.o(i.dmp_enable_lp_quat)
    i.dmp_load_motion_driver_firmware        0x0800375c   Section        0  inv_mpu_dmp_motion_driver.o(i.dmp_load_motion_driver_firmware)
    i.dmp_read_fifo                          0x08003774   Section        0  inv_mpu_dmp_motion_driver.o(i.dmp_read_fifo)
    i.dmp_set_accel_bias                     0x08003940   Section        0  inv_mpu_dmp_motion_driver.o(i.dmp_set_accel_bias)
    i.dmp_set_fifo_rate                      0x08003a70   Section        0  inv_mpu_dmp_motion_driver.o(i.dmp_set_fifo_rate)
    i.dmp_set_gyro_bias                      0x08003ae0   Section        0  inv_mpu_dmp_motion_driver.o(i.dmp_set_gyro_bias)
    i.dmp_set_orientation                    0x08003c10   Section        0  inv_mpu_dmp_motion_driver.o(i.dmp_set_orientation)
    i.dmp_set_shake_reject_thresh            0x08003d48   Section        0  inv_mpu_dmp_motion_driver.o(i.dmp_set_shake_reject_thresh)
    i.dmp_set_shake_reject_time              0x08003d80   Section        0  inv_mpu_dmp_motion_driver.o(i.dmp_set_shake_reject_time)
    i.dmp_set_shake_reject_timeout           0x08003da6   Section        0  inv_mpu_dmp_motion_driver.o(i.dmp_set_shake_reject_timeout)
    i.dmp_set_tap_axes                       0x08003dcc   Section        0  inv_mpu_dmp_motion_driver.o(i.dmp_set_tap_axes)
    i.dmp_set_tap_count                      0x08003e12   Section        0  inv_mpu_dmp_motion_driver.o(i.dmp_set_tap_count)
    i.dmp_set_tap_thresh                     0x08003e38   Section        0  inv_mpu_dmp_motion_driver.o(i.dmp_set_tap_thresh)
    i.dmp_set_tap_time                       0x08003fd8   Section        0  inv_mpu_dmp_motion_driver.o(i.dmp_set_tap_time)
    i.dmp_set_tap_time_multi                 0x08003ffe   Section        0  inv_mpu_dmp_motion_driver.o(i.dmp_set_tap_time_multi)
    i.fire_init                              0x08004024   Section        0  fire.o(i.fire_init)
    i.fputc                                  0x08004050   Section        0  usart.o(i.fputc)
    i.get_accel_prod_shift                   0x0800406c   Section        0  inv_mpu.o(i.get_accel_prod_shift)
    get_accel_prod_shift                     0x0800406d   Thumb Code   168  inv_mpu.o(i.get_accel_prod_shift)
    i.get_st_biases                          0x08004120   Section        0  inv_mpu.o(i.get_st_biases)
    get_st_biases                            0x08004121   Thumb Code  1132  inv_mpu.o(i.get_st_biases)
    i.go                                     0x08004590   Section        0  motor.o(i.go)
    i.go_track                               0x080045d0   Section        0  motor.o(i.go_track)
    i.gyro_self_test                         0x08004610   Section        0  inv_mpu.o(i.gyro_self_test)
    gyro_self_test                           0x08004611   Thumb Code   256  inv_mpu.o(i.gyro_self_test)
    i.inv_orientation_matrix_to_scalar       0x08004720   Section        0  inv_mpu.o(i.inv_orientation_matrix_to_scalar)
    i.inv_row_2_scale                        0x08004748   Section        0  inv_mpu.o(i.inv_row_2_scale)
    i.judge_fire                             0x08004798   Section        0  fire.o(i.judge_fire)
    i.left                                   0x080047d8   Section        0  motor.o(i.left)
    i.left_track                             0x08004814   Section        0  motor.o(i.left_track)
    i.main                                   0x08004850   Section        0  main.o(i.main)
    i.mget_ms                                0x08004960   Section        0  inv_mpu.o(i.mget_ms)
    i.motor_Init                             0x08004964   Section        0  motor.o(i.motor_Init)
    i.mpu_configure_fifo                     0x080049bc   Section        0  inv_mpu.o(i.mpu_configure_fifo)
    i.mpu_dmp_get_data                       0x08004a2c   Section        0  inv_mpu.o(i.mpu_dmp_get_data)
    i.mpu_dmp_init                           0x08004c50   Section        0  inv_mpu.o(i.mpu_dmp_init)
    i.mpu_get_accel_fsr                      0x08004cf0   Section        0  inv_mpu.o(i.mpu_get_accel_fsr)
    i.mpu_get_accel_sens                     0x08004d3c   Section        0  inv_mpu.o(i.mpu_get_accel_sens)
    i.mpu_get_fifo_config                    0x08004d90   Section        0  inv_mpu.o(i.mpu_get_fifo_config)
    i.mpu_get_gyro_fsr                       0x08004da0   Section        0  inv_mpu.o(i.mpu_get_gyro_fsr)
    i.mpu_get_gyro_sens                      0x08004de4   Section        0  inv_mpu.o(i.mpu_get_gyro_sens)
    i.mpu_get_lpf                            0x08004e34   Section        0  inv_mpu.o(i.mpu_get_lpf)
    i.mpu_get_sample_rate                    0x08004e84   Section        0  inv_mpu.o(i.mpu_get_sample_rate)
    i.mpu_init                               0x08004ea4   Section        0  inv_mpu.o(i.mpu_init)
    i.mpu_load_firmware                      0x08005094   Section        0  inv_mpu.o(i.mpu_load_firmware)
    i.mpu_lp_accel_mode                      0x0800514c   Section        0  inv_mpu.o(i.mpu_lp_accel_mode)
    i.mpu_read_fifo_stream                   0x0800522c   Section        0  inv_mpu.o(i.mpu_read_fifo_stream)
    i.mpu_read_mem                           0x080052ec   Section        0  inv_mpu.o(i.mpu_read_mem)
    i.mpu_reset_fifo                         0x0800536c   Section        0  inv_mpu.o(i.mpu_reset_fifo)
    i.mpu_run_self_test                      0x08005534   Section        0  inv_mpu.o(i.mpu_run_self_test)
    i.mpu_set_accel_fsr                      0x08005650   Section        0  inv_mpu.o(i.mpu_set_accel_fsr)
    i.mpu_set_bypass                         0x080056d4   Section        0  inv_mpu.o(i.mpu_set_bypass)
    i.mpu_set_dmp_state                      0x08005820   Section        0  inv_mpu.o(i.mpu_set_dmp_state)
    i.mpu_set_gyro_fsr                       0x080058b0   Section        0  inv_mpu.o(i.mpu_set_gyro_fsr)
    i.mpu_set_int_latched                    0x08005938   Section        0  inv_mpu.o(i.mpu_set_int_latched)
    i.mpu_set_lpf                            0x080059a4   Section        0  inv_mpu.o(i.mpu_set_lpf)
    i.mpu_set_sample_rate                    0x08005a28   Section        0  inv_mpu.o(i.mpu_set_sample_rate)
    i.mpu_set_sensors                        0x08005ac4   Section        0  inv_mpu.o(i.mpu_set_sensors)
    i.mpu_write_mem                          0x08005b94   Section        0  inv_mpu.o(i.mpu_write_mem)
    i.read_addr                              0x08005c14   Section        0  usmart.o(i.read_addr)
    i.right                                  0x08005c1c   Section        0  motor.o(i.right)
    i.right_track                            0x08005c58   Section        0  motor.o(i.right_track)
    i.run_self_test                          0x08005c94   Section        0  inv_mpu.o(i.run_self_test)
    i.set_int_enable                         0x08005d28   Section        0  inv_mpu.o(i.set_int_enable)
    set_int_enable                           0x08005d29   Thumb Code   138  inv_mpu.o(i.set_int_enable)
    i.sqrt                                   0x08005db8   Section        0  sqrt.o(i.sqrt)
    i.stop                                   0x08005e04   Section        0  motor.o(i.stop)
    i.track                                  0x08005e3c   Section        0  track.o(i.track)
    i.track_init                             0x08005f10   Section        0  track.o(i.track_init)
    i.uart1_init                             0x08005f3c   Section        0  usart.o(i.uart1_init)
    i.uart2_init                             0x08005fdc   Section        0  usart.o(i.uart2_init)
    i.usmart_cmd_rec                         0x08006080   Section        0  usmart.o(i.usmart_cmd_rec)
    i.usmart_exe                             0x08006130   Section        0  usmart.o(i.usmart_exe)
    i.usmart_get_aparm                       0x08006404   Section        0  usmart_str.o(i.usmart_get_aparm)
    i.usmart_get_cmdname                     0x080064cc   Section        0  usmart_str.o(i.usmart_get_cmdname)
    i.usmart_get_fname                       0x08006504   Section        0  usmart_str.o(i.usmart_get_fname)
    i.usmart_get_fparam                      0x080066c4   Section        0  usmart_str.o(i.usmart_get_fparam)
    i.usmart_get_parmpos                     0x080067d0   Section        0  usmart_str.o(i.usmart_get_parmpos)
    i.usmart_get_runtime                     0x080067f0   Section        0  usmart.o(i.usmart_get_runtime)
    i.usmart_init                            0x08006834   Section        0  usmart.o(i.usmart_init)
    i.usmart_pow                             0x0800685c   Section        0  usmart_str.o(i.usmart_pow)
    i.usmart_reset_runtime                   0x08006874   Section        0  usmart.o(i.usmart_reset_runtime)
    i.usmart_scan                            0x080068a4   Section        0  usmart.o(i.usmart_scan)
    i.usmart_search_nextc                    0x08006960   Section        0  usmart_str.o(i.usmart_search_nextc)
    i.usmart_str2num                         0x08006976   Section        0  usmart_str.o(i.usmart_str2num)
    i.usmart_strcmp                          0x08006a40   Section        0  usmart_str.o(i.usmart_strcmp)
    i.usmart_strcopy                         0x08006a62   Section        0  usmart_str.o(i.usmart_strcopy)
    i.usmart_strlen                          0x08006a78   Section        0  usmart_str.o(i.usmart_strlen)
    i.usmart_sys_cmd_exe                     0x08006a90   Section        0  usmart.o(i.usmart_sys_cmd_exe)
    i.write_addr                             0x08007174   Section        0  usmart.o(i.write_addr)
    .constdata                               0x08007178   Section       80  inv_mpu.o(.constdata)
    .constdata                               0x080071c8   Section     3062  inv_mpu_dmp_motion_driver.o(.constdata)
    dmp_memory                               0x080071c8   Data        3062  inv_mpu_dmp_motion_driver.o(.constdata)
    .constdata                               0x08007dc0   Section       80  asin.o(.constdata)
    pS                                       0x08007dc0   Data          48  asin.o(.constdata)
    qS                                       0x08007df0   Data          32  asin.o(.constdata)
    .constdata                               0x08007e10   Section      152  atan.o(.constdata)
    atanhi                                   0x08007e10   Data          32  atan.o(.constdata)
    atanlo                                   0x08007e30   Data          32  atan.o(.constdata)
    aTodd                                    0x08007e50   Data          40  atan.o(.constdata)
    aTeven                                   0x08007e78   Data          48  atan.o(.constdata)
    .constdata                               0x08007ea8   Section        8  qnan.o(.constdata)
    .conststring                             0x08007eb0   Section       77  inv_mpu.o(.conststring)
    .conststring                             0x08007f00   Section       40  usmart.o(.conststring)
    .conststring                             0x08007f28   Section      203  usmart_config.o(.conststring)
    .data                                    0x20000000   Section       20  system_stm32f10x.o(.data)
    .data                                    0x20000014   Section       20  stm32f10x_rcc.o(.data)
    APBAHBPrescTable                         0x20000014   Data          16  stm32f10x_rcc.o(.data)
    ADCPrescTable                            0x20000024   Data           4  stm32f10x_rcc.o(.data)
    .data                                    0x20000028   Section        4  delay.o(.data)
    fac_us                                   0x20000028   Data           1  delay.o(.data)
    fac_ms                                   0x2000002a   Data           2  delay.o(.data)
    .data                                    0x2000002c   Section       20  usart.o(.data)
    .data                                    0x20000040   Section        1  key.o(.data)
    key_up                                   0x20000040   Data           1  key.o(.data)
    .data                                    0x20000044   Section       53  inv_mpu.o(.data)
    st                                       0x20000044   Data          44  inv_mpu.o(.data)
    gyro_orientation                         0x20000070   Data           9  inv_mpu.o(.data)
    .data                                    0x2000007c   Section       20  timer.o(.data)
    .data                                    0x20000090   Section        8  track.o(.data)
    .data                                    0x20000098   Section       28  usmart.o(.data)
    .data                                    0x200000b4   Section      300  usmart_config.o(.data)
    .data                                    0x200001e0   Section        4  errno.o(.data)
    _errno                                   0x200001e0   Data           4  errno.o(.data)
    .bss                                     0x200001e4   Section      200  usart.o(.bss)
    .bss                                     0x200002ac   Section       16  inv_mpu_dmp_motion_driver.o(.bss)
    dmp                                      0x200002ac   Data          16  inv_mpu_dmp_motion_driver.o(.bss)
    STACK                                    0x200002c0   Section     1024  startup_stm32f10x_hd.o(STACK)

    Global Symbols

    Symbol Name                              Value     Ov Type        Size  Object(Section)

    BuildAttributes$$THM_ISAv4$P$D$K$B$S$PE$A:L22UL41UL21$X:L11$S22US41US21$IEEE1$IW$USESV6$~STKCKD$USESV7$~SHL$OTIME$ROPI$IEEEX$EBA8$MICROLIB$REQ8$PRES8$EABIv2 0x00000000   Number         0  anon$$obj.o ABSOLUTE
    __ARM_use_no_argv                        0x00000000   Number         0  main.o ABSOLUTE
    __use_no_errno                           0x00000000   Number         0  useno.o ABSOLUTE
    __use_no_exception_handling              0x00000000   Number         0  useno.o ABSOLUTE
    __use_no_fp                              0x00000000   Number         0  useno.o ABSOLUTE
    __use_no_heap                            0x00000000   Number         0  useno.o ABSOLUTE
    __use_no_heap_region                     0x00000000   Number         0  useno.o ABSOLUTE
    __use_no_semihosting                     0x00000000   Number         0  useno.o ABSOLUTE
    __use_no_semihosting_swi                 0x00000000   Number         0  useno.o ABSOLUTE
    __use_no_signal_handling                 0x00000000   Number         0  useno.o ABSOLUTE
    _printf_a                                0x00000000   Number         0  stubs.o ABSOLUTE
    _printf_c                                0x00000000   Number         0  stubs.o ABSOLUTE
    _printf_charcount                        0x00000000   Number         0  stubs.o ABSOLUTE
    _printf_d                                0x00000000   Number         0  stubs.o ABSOLUTE
    _printf_e                                0x00000000   Number         0  stubs.o ABSOLUTE
    _printf_f                                0x00000000   Number         0  stubs.o ABSOLUTE
    _printf_flags                            0x00000000   Number         0  stubs.o ABSOLUTE
    _printf_fp_dec                           0x00000000   Number         0  stubs.o ABSOLUTE
    _printf_fp_hex                           0x00000000   Number         0  stubs.o ABSOLUTE
    _printf_g                                0x00000000   Number         0  stubs.o ABSOLUTE
    _printf_i                                0x00000000   Number         0  stubs.o ABSOLUTE
    _printf_int_dec                          0x00000000   Number         0  stubs.o ABSOLUTE
    _printf_l                                0x00000000   Number         0  stubs.o ABSOLUTE
    _printf_lc                               0x00000000   Number         0  stubs.o ABSOLUTE
    _printf_ll                               0x00000000   Number         0  stubs.o ABSOLUTE
    _printf_lld                              0x00000000   Number         0  stubs.o ABSOLUTE
    _printf_lli                              0x00000000   Number         0  stubs.o ABSOLUTE
    _printf_llo                              0x00000000   Number         0  stubs.o ABSOLUTE
    _printf_llu                              0x00000000   Number         0  stubs.o ABSOLUTE
    _printf_llx                              0x00000000   Number         0  stubs.o ABSOLUTE
    _printf_longlong_dec                     0x00000000   Number         0  stubs.o ABSOLUTE
    _printf_longlong_hex                     0x00000000   Number         0  stubs.o ABSOLUTE
    _printf_longlong_oct                     0x00000000   Number         0  stubs.o ABSOLUTE
    _printf_ls                               0x00000000   Number         0  stubs.o ABSOLUTE
    _printf_mbtowc                           0x00000000   Number         0  stubs.o ABSOLUTE
    _printf_n                                0x00000000   Number         0  stubs.o ABSOLUTE
    _printf_o                                0x00000000   Number         0  stubs.o ABSOLUTE
    _printf_p                                0x00000000   Number         0  stubs.o ABSOLUTE
    _printf_percent                          0x00000000   Number         0  stubs.o ABSOLUTE
    _printf_pre_padding                      0x00000000   Number         0  stubs.o ABSOLUTE
    _printf_return_value                     0x00000000   Number         0  stubs.o ABSOLUTE
    _printf_s                                0x00000000   Number         0  stubs.o ABSOLUTE
    _printf_sizespec                         0x00000000   Number         0  stubs.o ABSOLUTE
    _printf_str                              0x00000000   Number         0  stubs.o ABSOLUTE
    _printf_truncate_signed                  0x00000000   Number         0  stubs.o ABSOLUTE
    _printf_truncate_unsigned                0x00000000   Number         0  stubs.o ABSOLUTE
    _printf_u                                0x00000000   Number         0  stubs.o ABSOLUTE
    _printf_wc                               0x00000000   Number         0  stubs.o ABSOLUTE
    _printf_wctomb                           0x00000000   Number         0  stubs.o ABSOLUTE
    _printf_widthprec                        0x00000000   Number         0  stubs.o ABSOLUTE
    _printf_x                                0x00000000   Number         0  stubs.o ABSOLUTE
    __cpp_initialize__aeabi_                  - Undefined Weak Reference
    __cxa_finalize                            - Undefined Weak Reference
    _clock_init                               - Undefined Weak Reference
    _microlib_exit                            - Undefined Weak Reference
    __Vectors_Size                           0x00000130   Number         0  startup_stm32f10x_hd.o ABSOLUTE
    __Vectors                                0x08000000   Data           4  startup_stm32f10x_hd.o(RESET)
    __Vectors_End                            0x08000130   Data           0  startup_stm32f10x_hd.o(RESET)
    __main                                   0x08000131   Thumb Code     0  entry.o(.ARM.Collect$$$$00000000)
    _main_stk                                0x08000131   Thumb Code     0  entry2.o(.ARM.Collect$$$$00000001)
    _main_scatterload                        0x08000135   Thumb Code     0  entry5.o(.ARM.Collect$$$$00000004)
    __main_after_scatterload                 0x08000139   Thumb Code     0  entry5.o(.ARM.Collect$$$$00000004)
    _main_clock                              0x08000139   Thumb Code     0  entry7b.o(.ARM.Collect$$$$00000008)
    _main_cpp_init                           0x08000139   Thumb Code     0  entry8b.o(.ARM.Collect$$$$0000000A)
    _main_init                               0x08000139   Thumb Code     0  entry9a.o(.ARM.Collect$$$$0000000B)
    __rt_final_cpp                           0x08000141   Thumb Code     0  entry10a.o(.ARM.Collect$$$$0000000D)
    __rt_final_exit                          0x08000141   Thumb Code     0  entry11a.o(.ARM.Collect$$$$0000000F)
    Reset_Handler                            0x08000145   Thumb Code     8  startup_stm32f10x_hd.o(.text)
    ADC1_2_IRQHandler                        0x0800015f   Thumb Code     0  startup_stm32f10x_hd.o(.text)
    ADC3_IRQHandler                          0x0800015f   Thumb Code     0  startup_stm32f10x_hd.o(.text)
    CAN1_RX1_IRQHandler                      0x0800015f   Thumb Code     0  startup_stm32f10x_hd.o(.text)
    CAN1_SCE_IRQHandler                      0x0800015f   Thumb Code     0  startup_stm32f10x_hd.o(.text)
    DMA1_Channel1_IRQHandler                 0x0800015f   Thumb Code     0  startup_stm32f10x_hd.o(.text)
    DMA1_Channel2_IRQHandler                 0x0800015f   Thumb Code     0  startup_stm32f10x_hd.o(.text)
    DMA1_Channel3_IRQHandler                 0x0800015f   Thumb Code     0  startup_stm32f10x_hd.o(.text)
    DMA1_Channel4_IRQHandler                 0x0800015f   Thumb Code     0  startup_stm32f10x_hd.o(.text)
    DMA1_Channel5_IRQHandler                 0x0800015f   Thumb Code     0  startup_stm32f10x_hd.o(.text)
    DMA1_Channel6_IRQHandler                 0x0800015f   Thumb Code     0  startup_stm32f10x_hd.o(.text)
    DMA1_Channel7_IRQHandler                 0x0800015f   Thumb Code     0  startup_stm32f10x_hd.o(.text)
    DMA2_Channel1_IRQHandler                 0x0800015f   Thumb Code     0  startup_stm32f10x_hd.o(.text)
    DMA2_Channel2_IRQHandler                 0x0800015f   Thumb Code     0  startup_stm32f10x_hd.o(.text)
    DMA2_Channel3_IRQHandler                 0x0800015f   Thumb Code     0  startup_stm32f10x_hd.o(.text)
    DMA2_Channel4_5_IRQHandler               0x0800015f   Thumb Code     0  startup_stm32f10x_hd.o(.text)
    EXTI0_IRQHandler                         0x0800015f   Thumb Code     0  startup_stm32f10x_hd.o(.text)
    EXTI15_10_IRQHandler                     0x0800015f   Thumb Code     0  startup_stm32f10x_hd.o(.text)
    EXTI1_IRQHandler                         0x0800015f   Thumb Code     0  startup_stm32f10x_hd.o(.text)
    EXTI2_IRQHandler                         0x0800015f   Thumb Code     0  startup_stm32f10x_hd.o(.text)
    EXTI3_IRQHandler                         0x0800015f   Thumb Code     0  startup_stm32f10x_hd.o(.text)
    EXTI4_IRQHandler                         0x0800015f   Thumb Code     0  startup_stm32f10x_hd.o(.text)
    EXTI9_5_IRQHandler                       0x0800015f   Thumb Code     0  startup_stm32f10x_hd.o(.text)
    FLASH_IRQHandler                         0x0800015f   Thumb Code     0  startup_stm32f10x_hd.o(.text)
    FSMC_IRQHandler                          0x0800015f   Thumb Code     0  startup_stm32f10x_hd.o(.text)
    I2C1_ER_IRQHandler                       0x0800015f   Thumb Code     0  startup_stm32f10x_hd.o(.text)
    I2C1_EV_IRQHandler                       0x0800015f   Thumb Code     0  startup_stm32f10x_hd.o(.text)
    I2C2_ER_IRQHandler                       0x0800015f   Thumb Code     0  startup_stm32f10x_hd.o(.text)
    I2C2_EV_IRQHandler                       0x0800015f   Thumb Code     0  startup_stm32f10x_hd.o(.text)
    PVD_IRQHandler                           0x0800015f   Thumb Code     0  startup_stm32f10x_hd.o(.text)
    RCC_IRQHandler                           0x0800015f   Thumb Code     0  startup_stm32f10x_hd.o(.text)
    RTCAlarm_IRQHandler                      0x0800015f   Thumb Code     0  startup_stm32f10x_hd.o(.text)
    RTC_IRQHandler                           0x0800015f   Thumb Code     0  startup_stm32f10x_hd.o(.text)
    SDIO_IRQHandler                          0x0800015f   Thumb Code     0  startup_stm32f10x_hd.o(.text)
    SPI1_IRQHandler                          0x0800015f   Thumb Code     0  startup_stm32f10x_hd.o(.text)
    SPI2_IRQHandler                          0x0800015f   Thumb Code     0  startup_stm32f10x_hd.o(.text)
    SPI3_IRQHandler                          0x0800015f   Thumb Code     0  startup_stm32f10x_hd.o(.text)
    TAMPER_IRQHandler                        0x0800015f   Thumb Code     0  startup_stm32f10x_hd.o(.text)
    TIM1_BRK_IRQHandler                      0x0800015f   Thumb Code     0  startup_stm32f10x_hd.o(.text)
    TIM1_CC_IRQHandler                       0x0800015f   Thumb Code     0  startup_stm32f10x_hd.o(.text)
    TIM1_TRG_COM_IRQHandler                  0x0800015f   Thumb Code     0  startup_stm32f10x_hd.o(.text)
    TIM1_UP_IRQHandler                       0x0800015f   Thumb Code     0  startup_stm32f10x_hd.o(.text)
    TIM3_IRQHandler                          0x0800015f   Thumb Code     0  startup_stm32f10x_hd.o(.text)
    TIM5_IRQHandler                          0x0800015f   Thumb Code     0  startup_stm32f10x_hd.o(.text)
    TIM6_IRQHandler                          0x0800015f   Thumb Code     0  startup_stm32f10x_hd.o(.text)
    TIM7_IRQHandler                          0x0800015f   Thumb Code     0  startup_stm32f10x_hd.o(.text)
    TIM8_BRK_IRQHandler                      0x0800015f   Thumb Code     0  startup_stm32f10x_hd.o(.text)
    TIM8_CC_IRQHandler                       0x0800015f   Thumb Code     0  startup_stm32f10x_hd.o(.text)
    TIM8_TRG_COM_IRQHandler                  0x0800015f   Thumb Code     0  startup_stm32f10x_hd.o(.text)
    TIM8_UP_IRQHandler                       0x0800015f   Thumb Code     0  startup_stm32f10x_hd.o(.text)
    UART4_IRQHandler                         0x0800015f   Thumb Code     0  startup_stm32f10x_hd.o(.text)
    UART5_IRQHandler                         0x0800015f   Thumb Code     0  startup_stm32f10x_hd.o(.text)
    USART3_IRQHandler                        0x0800015f   Thumb Code     0  startup_stm32f10x_hd.o(.text)
    USBWakeUp_IRQHandler                     0x0800015f   Thumb Code     0  startup_stm32f10x_hd.o(.text)
    USB_HP_CAN1_TX_IRQHandler                0x0800015f   Thumb Code     0  startup_stm32f10x_hd.o(.text)
    USB_LP_CAN1_RX0_IRQHandler               0x0800015f   Thumb Code     0  startup_stm32f10x_hd.o(.text)
    WWDG_IRQHandler                          0x0800015f   Thumb Code     0  startup_stm32f10x_hd.o(.text)
    __aeabi_ldivmod                          0x08000169   Thumb Code    98  ldiv.o(.text)
    __aeabi_memset                           0x080001cb   Thumb Code    14  memseta.o(.text)
    __aeabi_memset4                          0x080001cb   Thumb Code     0  memseta.o(.text)
    __aeabi_memset8                          0x080001cb   Thumb Code     0  memseta.o(.text)
    __aeabi_memclr                           0x080001d9   Thumb Code     4  memseta.o(.text)
    __aeabi_memclr4                          0x080001d9   Thumb Code     0  memseta.o(.text)
    __aeabi_memclr8                          0x080001d9   Thumb Code     0  memseta.o(.text)
    _memset$wrapper                          0x080001dd   Thumb Code    18  memseta.o(.text)
    memcmp                                   0x080001ef   Thumb Code    26  memcmp.o(.text)
    __aeabi_fadd                             0x08000209   Thumb Code   164  fadd.o(.text)
    __aeabi_fsub                             0x080002ad   Thumb Code     6  fadd.o(.text)
    __aeabi_frsub                            0x080002b3   Thumb Code     6  fadd.o(.text)
    __aeabi_fmul                             0x080002b9   Thumb Code   100  fmul.o(.text)
    __aeabi_fdiv                             0x0800031d   Thumb Code   124  fdiv.o(.text)
    __aeabi_dadd                             0x08000399   Thumb Code   322  dadd.o(.text)
    __aeabi_dsub                             0x080004db   Thumb Code     6  dadd.o(.text)
    __aeabi_drsub                            0x080004e1   Thumb Code     6  dadd.o(.text)
    __aeabi_dmul                             0x080004e7   Thumb Code   228  dmul.o(.text)
    __aeabi_ddiv                             0x080005cb   Thumb Code   222  ddiv.o(.text)
    __aeabi_i2f                              0x080006a9   Thumb Code    18  fflti.o(.text)
    __aeabi_ui2f                             0x080006bb   Thumb Code    10  ffltui.o(.text)
    __aeabi_i2d                              0x080006c5   Thumb Code    34  dflti.o(.text)
    __aeabi_f2iz                             0x080006e7   Thumb Code    50  ffixi.o(.text)
    __aeabi_f2uiz                            0x08000719   Thumb Code    40  ffixui.o(.text)
    __aeabi_f2d                              0x08000741   Thumb Code    38  f2d.o(.text)
    __aeabi_d2f                              0x08000767   Thumb Code    56  d2f.o(.text)
    __aeabi_cfcmpeq                          0x080007a1   Thumb Code     0  cfcmple.o(.text)
    __aeabi_cfcmple                          0x080007a1   Thumb Code    20  cfcmple.o(.text)
    __aeabi_cfrcmple                         0x080007b5   Thumb Code    20  cfrcmple.o(.text)
    __aeabi_uidiv                            0x080007c9   Thumb Code     0  uidiv.o(.text)
    __aeabi_uidivmod                         0x080007c9   Thumb Code    44  uidiv.o(.text)
    __aeabi_uldivmod                         0x080007f5   Thumb Code    98  uldiv.o(.text)
    __aeabi_llsl                             0x08000857   Thumb Code    30  llshl.o(.text)
    _ll_shift_l                              0x08000857   Thumb Code     0  llshl.o(.text)
    __aeabi_llsr                             0x08000875   Thumb Code    32  llushr.o(.text)
    _ll_ushift_r                             0x08000875   Thumb Code     0  llushr.o(.text)
    __aeabi_lasr                             0x08000895   Thumb Code    36  llsshr.o(.text)
    _ll_sshift_r                             0x08000895   Thumb Code     0  llsshr.o(.text)
    __I$use$fp                               0x080008b9   Thumb Code     0  iusefp.o(.text)
    _float_round                             0x080008b9   Thumb Code    18  fepilogue.o(.text)
    _float_epilogue                          0x080008cb   Thumb Code    92  fepilogue.o(.text)
    _double_round                            0x08000927   Thumb Code    30  depilogue.o(.text)
    _double_epilogue                         0x08000945   Thumb Code   156  depilogue.o(.text)
    __ARM_scalbn                             0x080009e1   Thumb Code    46  dscalb.o(.text)
    scalbn                                   0x080009e1   Thumb Code     0  dscalb.o(.text)
    __aeabi_d2ulz                            0x08000a0f   Thumb Code    48  dfixul.o(.text)
    __aeabi_cdrcmple                         0x08000a41   Thumb Code    48  cdrcmple.o(.text)
    __scatterload                            0x08000a71   Thumb Code    28  init.o(.text)
    __scatterload_rt2                        0x08000a71   Thumb Code     0  init.o(.text)
    _dsqrt                                   0x08000a95   Thumb Code   162  dsqrt.o(.text)
    __decompress                             0x08000b37   Thumb Code     0  __dczerorl2.o(.text)
    __decompress1                            0x08000b37   Thumb Code    86  __dczerorl2.o(.text)
    BusFault_Handler                         0x08000b8d   Thumb Code     4  stm32f10x_it.o(i.BusFault_Handler)
    DebugMon_Handler                         0x08000b91   Thumb Code     2  stm32f10x_it.o(i.DebugMon_Handler)
    GPIO_Init                                0x08000b93   Thumb Code   278  stm32f10x_gpio.o(i.GPIO_Init)
    GPIO_PinRemapConfig                      0x08000ca9   Thumb Code   138  stm32f10x_gpio.o(i.GPIO_PinRemapConfig)
    GPIO_ReadInputDataBit                    0x08000d39   Thumb Code    18  stm32f10x_gpio.o(i.GPIO_ReadInputDataBit)
    GPIO_ResetBits                           0x08000d4b   Thumb Code     4  stm32f10x_gpio.o(i.GPIO_ResetBits)
    GPIO_SetBits                             0x08000d4f   Thumb Code     4  stm32f10x_gpio.o(i.GPIO_SetBits)
    HardFault_Handler                        0x08000d53   Thumb Code     4  stm32f10x_it.o(i.HardFault_Handler)
    KEY_Scan                                 0x08000d59   Thumb Code   150  key.o(i.KEY_Scan)
    LED_Init                                 0x08000dfd   Thumb Code    50  led.o(i.LED_Init)
    MPU_Get_Accelerometer                    0x08000e35   Thumb Code    80  mpu6050.o(i.MPU_Get_Accelerometer)
    MPU_Get_Gyroscope                        0x08000e85   Thumb Code    80  mpu6050.o(i.MPU_Get_Gyroscope)
    MPU_Get_Temperature                      0x08000ed5   Thumb Code    86  mpu6050.o(i.MPU_Get_Temperature)
    MPU_IIC_Ack                              0x08000f3d   Thumb Code    62  mpuiic.o(i.MPU_IIC_Ack)
    MPU_IIC_Delay                            0x08000f89   Thumb Code    10  mpuiic.o(i.MPU_IIC_Delay)
    MPU_IIC_Init                             0x08000f95   Thumb Code    50  mpuiic.o(i.MPU_IIC_Init)
    MPU_IIC_NAck                             0x08000fcd   Thumb Code    62  mpuiic.o(i.MPU_IIC_NAck)
    MPU_IIC_Read_Byte                        0x08001019   Thumb Code    94  mpuiic.o(i.MPU_IIC_Read_Byte)
    MPU_IIC_Send_Byte                        0x08001085   Thumb Code    80  mpuiic.o(i.MPU_IIC_Send_Byte)
    MPU_IIC_Start                            0x080010e1   Thumb Code    60  mpuiic.o(i.MPU_IIC_Start)
    MPU_IIC_Stop                             0x08001129   Thumb Code    58  mpuiic.o(i.MPU_IIC_Stop)
    MPU_IIC_Wait_Ack                         0x08001171   Thumb Code    86  mpuiic.o(i.MPU_IIC_Wait_Ack)
    MPU_Init                                 0x080011d5   Thumb Code   180  mpu6050.o(i.MPU_Init)
    MPU_Read_Byte                            0x08001295   Thumb Code    58  mpu6050.o(i.MPU_Read_Byte)
    MPU_Read_Len                             0x080012cf   Thumb Code   116  mpu6050.o(i.MPU_Read_Len)
    MPU_Set_Accel_Fsr                        0x08001343   Thumb Code    16  mpu6050.o(i.MPU_Set_Accel_Fsr)
    MPU_Set_Gyro_Fsr                         0x08001353   Thumb Code    16  mpu6050.o(i.MPU_Set_Gyro_Fsr)
    MPU_Set_LPF                              0x08001363   Thumb Code    58  mpu6050.o(i.MPU_Set_LPF)
    MPU_Set_Rate                             0x0800139d   Thumb Code    58  mpu6050.o(i.MPU_Set_Rate)
    MPU_Write_Byte                           0x080013d7   Thumb Code    68  mpu6050.o(i.MPU_Write_Byte)
    MPU_Write_Len                            0x0800141b   Thumb Code    96  mpu6050.o(i.MPU_Write_Len)
    MemManage_Handler                        0x0800147b   Thumb Code     4  stm32f10x_it.o(i.MemManage_Handler)
    NMI_Handler                              0x0800147f   Thumb Code     2  stm32f10x_it.o(i.NMI_Handler)
    NVIC_Init                                0x08001481   Thumb Code   100  misc.o(i.NVIC_Init)
    NVIC_PriorityGroupConfig                 0x080014f1   Thumb Code    10  misc.o(i.NVIC_PriorityGroupConfig)
    PendSV_Handler                           0x08001505   Thumb Code     2  stm32f10x_it.o(i.PendSV_Handler)
    RCC_APB1PeriphClockCmd                   0x08001509   Thumb Code    26  stm32f10x_rcc.o(i.RCC_APB1PeriphClockCmd)
    RCC_APB2PeriphClockCmd                   0x08001529   Thumb Code    26  stm32f10x_rcc.o(i.RCC_APB2PeriphClockCmd)
    RCC_GetClocksFreq                        0x08001549   Thumb Code   192  stm32f10x_rcc.o(i.RCC_GetClocksFreq)
    SVC_Handler                              0x0800161d   Thumb Code     2  stm32f10x_it.o(i.SVC_Handler)
    SysTick_CLKSourceConfig                  0x08001709   Thumb Code    40  misc.o(i.SysTick_CLKSourceConfig)
    SysTick_Handler                          0x08001731   Thumb Code     2  stm32f10x_it.o(i.SysTick_Handler)
    SystemInit                               0x08001735   Thumb Code    78  system_stm32f10x.o(i.SystemInit)
    TIM2_IRQHandler                          0x08001795   Thumb Code    62  timer.o(i.TIM2_IRQHandler)
    TIM2_Int_Init                            0x080017f9   Thumb Code    92  timer.o(i.TIM2_Int_Init)
    TIM3_PWM_Init                            0x08001855   Thumb Code   242  timer.o(i.TIM3_PWM_Init)
    TIM4_IRQHandler                          0x08001955   Thumb Code    46  usmart.o(i.TIM4_IRQHandler)
    TIM_ClearFlag                            0x0800198d   Thumb Code     6  stm32f10x_tim.o(i.TIM_ClearFlag)
    TIM_ClearITPendingBit                    0x08001993   Thumb Code     6  stm32f10x_tim.o(i.TIM_ClearITPendingBit)
    TIM_Cmd                                  0x08001999   Thumb Code    24  stm32f10x_tim.o(i.TIM_Cmd)
    TIM_GetCounter                           0x080019b1   Thumb Code     6  stm32f10x_tim.o(i.TIM_GetCounter)
    TIM_GetFlagStatus                        0x080019b7   Thumb Code    18  stm32f10x_tim.o(i.TIM_GetFlagStatus)
    TIM_GetITStatus                          0x080019c9   Thumb Code    34  stm32f10x_tim.o(i.TIM_GetITStatus)
    TIM_ITConfig                             0x080019eb   Thumb Code    18  stm32f10x_tim.o(i.TIM_ITConfig)
    TIM_OC1Init                              0x080019fd   Thumb Code   132  stm32f10x_tim.o(i.TIM_OC1Init)
    TIM_OC2Init                              0x08001a95   Thumb Code   154  stm32f10x_tim.o(i.TIM_OC2Init)
    TIM_OC2PreloadConfig                     0x08001b39   Thumb Code    26  stm32f10x_tim.o(i.TIM_OC2PreloadConfig)
    TIM_OC3Init                              0x08001b55   Thumb Code   150  stm32f10x_tim.o(i.TIM_OC3Init)
    TIM_OC3PreloadConfig                     0x08001bf5   Thumb Code    18  stm32f10x_tim.o(i.TIM_OC3PreloadConfig)
    TIM_OC4Init                              0x08001c09   Thumb Code   114  stm32f10x_tim.o(i.TIM_OC4Init)
    TIM_OC4PreloadConfig                     0x08001c85   Thumb Code    26  stm32f10x_tim.o(i.TIM_OC4PreloadConfig)
    TIM_SetAutoreload                        0x08001c9f   Thumb Code     4  stm32f10x_tim.o(i.TIM_SetAutoreload)
    TIM_SetCompare1                          0x08001ca3   Thumb Code     4  stm32f10x_tim.o(i.TIM_SetCompare1)
    TIM_SetCompare2                          0x08001ca7   Thumb Code     4  stm32f10x_tim.o(i.TIM_SetCompare2)
    TIM_SetCompare3                          0x08001cab   Thumb Code     4  stm32f10x_tim.o(i.TIM_SetCompare3)
    TIM_SetCompare4                          0x08001caf   Thumb Code     6  stm32f10x_tim.o(i.TIM_SetCompare4)
    TIM_SetCounter                           0x08001cb5   Thumb Code     4  stm32f10x_tim.o(i.TIM_SetCounter)
    TIM_TimeBaseInit                         0x08001cb9   Thumb Code   122  stm32f10x_tim.o(i.TIM_TimeBaseInit)
    Timer4_Init                              0x08001d5d   Thumb Code    88  usmart.o(i.Timer4_Init)
    USART1_IRQHandler                        0x08001db9   Thumb Code   342  usart.o(i.USART1_IRQHandler)
    USART2_IRQHandler                        0x08001f29   Thumb Code   146  usart.o(i.USART2_IRQHandler)
    USART_Cmd                                0x08001fcd   Thumb Code    24  stm32f10x_usart.o(i.USART_Cmd)
    USART_GetITStatus                        0x08001fe5   Thumb Code    84  stm32f10x_usart.o(i.USART_GetITStatus)
    USART_ITConfig                           0x08002039   Thumb Code    74  stm32f10x_usart.o(i.USART_ITConfig)
    USART_Init                               0x08002085   Thumb Code   210  stm32f10x_usart.o(i.USART_Init)
    USART_ReceiveData                        0x0800215d   Thumb Code    10  stm32f10x_usart.o(i.USART_ReceiveData)
    UsageFault_Handler                       0x08002167   Thumb Code     4  stm32f10x_it.o(i.UsageFault_Handler)
    __0printf                                0x0800216d   Thumb Code    22  printfa.o(i.__0printf)
    __1printf                                0x0800216d   Thumb Code     0  printfa.o(i.__0printf)
    __2printf                                0x0800216d   Thumb Code     0  printfa.o(i.__0printf)
    __c89printf                              0x0800216d   Thumb Code     0  printfa.o(i.__0printf)
    printf                                   0x0800216d   Thumb Code     0  printfa.o(i.__0printf)
    __ARM_fpclassify                         0x0800218d   Thumb Code    40  fpclassify.o(i.__ARM_fpclassify)
    __kernel_poly                            0x080021b5   Thumb Code   170  poly.o(i.__kernel_poly)
    __mathlib_dbl_infnan                     0x0800225f   Thumb Code     6  dunder.o(i.__mathlib_dbl_infnan)
    __mathlib_dbl_infnan2                    0x08002265   Thumb Code     4  dunder.o(i.__mathlib_dbl_infnan2)
    __mathlib_dbl_invalid                    0x08002269   Thumb Code    12  dunder.o(i.__mathlib_dbl_invalid)
    __mathlib_dbl_underflow                  0x08002275   Thumb Code    10  dunder.o(i.__mathlib_dbl_underflow)
    __scatterload_copy                       0x08002285   Thumb Code    14  handlers.o(i.__scatterload_copy)
    __scatterload_null                       0x08002293   Thumb Code     2  handlers.o(i.__scatterload_null)
    __scatterload_zeroinit                   0x08002295   Thumb Code    14  handlers.o(i.__scatterload_zeroinit)
    __set_errno                              0x080022a5   Thumb Code     6  errno.o(i.__set_errno)
    asin                                     0x08002bed   Thumb Code   572  asin.o(i.asin)
    atan                                     0x08002e5d   Thumb Code   474  atan.o(i.atan)
    atan2                                    0x0800307d   Thumb Code   346  atan2.o(i.atan2)
    back                                     0x080031fd   Thumb Code    50  motor.o(i.back)
    dection_people                           0x080032a1   Thumb Code    40  hc-sr501.o(i.dection_people)
    delay_init                               0x080032cd   Thumb Code    50  delay.o(i.delay_init)
    delay_ms                                 0x08003311   Thumb Code    72  delay.o(i.delay_ms)
    delay_us                                 0x0800335d   Thumb Code    72  delay.o(i.delay_us)
    detection_forks                          0x080033a9   Thumb Code   162  track.o(i.detection_forks)
    dmp_enable_6x_lp_quat                    0x08003471   Thumb Code    60  inv_mpu_dmp_motion_driver.o(i.dmp_enable_6x_lp_quat)
    dmp_enable_feature                       0x080034ad   Thumb Code   530  inv_mpu_dmp_motion_driver.o(i.dmp_enable_feature)
    dmp_enable_gyro_cal                      0x080036c9   Thumb Code    62  inv_mpu_dmp_motion_driver.o(i.dmp_enable_gyro_cal)
    dmp_enable_lp_quat                       0x08003721   Thumb Code    60  inv_mpu_dmp_motion_driver.o(i.dmp_enable_lp_quat)
    dmp_load_motion_driver_firmware          0x0800375d   Thumb Code    20  inv_mpu_dmp_motion_driver.o(i.dmp_load_motion_driver_firmware)
    dmp_read_fifo                            0x08003775   Thumb Code   456  inv_mpu_dmp_motion_driver.o(i.dmp_read_fifo)
    dmp_set_accel_bias                       0x08003941   Thumb Code   300  inv_mpu_dmp_motion_driver.o(i.dmp_set_accel_bias)
    dmp_set_fifo_rate                        0x08003a71   Thumb Code    96  inv_mpu_dmp_motion_driver.o(i.dmp_set_fifo_rate)
    dmp_set_gyro_bias                        0x08003ae1   Thumb Code   294  inv_mpu_dmp_motion_driver.o(i.dmp_set_gyro_bias)
    dmp_set_orientation                      0x08003c11   Thumb Code   290  inv_mpu_dmp_motion_driver.o(i.dmp_set_orientation)
    dmp_set_shake_reject_thresh              0x08003d49   Thumb Code    56  inv_mpu_dmp_motion_driver.o(i.dmp_set_shake_reject_thresh)
    dmp_set_shake_reject_time                0x08003d81   Thumb Code    38  inv_mpu_dmp_motion_driver.o(i.dmp_set_shake_reject_time)
    dmp_set_shake_reject_timeout             0x08003da7   Thumb Code    38  inv_mpu_dmp_motion_driver.o(i.dmp_set_shake_reject_timeout)
    dmp_set_tap_axes                         0x08003dcd   Thumb Code    70  inv_mpu_dmp_motion_driver.o(i.dmp_set_tap_axes)
    dmp_set_tap_count                        0x08003e13   Thumb Code    38  inv_mpu_dmp_motion_driver.o(i.dmp_set_tap_count)
    dmp_set_tap_thresh                       0x08003e39   Thumb Code   396  inv_mpu_dmp_motion_driver.o(i.dmp_set_tap_thresh)
    dmp_set_tap_time                         0x08003fd9   Thumb Code    38  inv_mpu_dmp_motion_driver.o(i.dmp_set_tap_time)
    dmp_set_tap_time_multi                   0x08003fff   Thumb Code    38  inv_mpu_dmp_motion_driver.o(i.dmp_set_tap_time_multi)
    fire_init                                0x08004025   Thumb Code    38  fire.o(i.fire_init)
    fputc                                    0x08004051   Thumb Code    24  usart.o(i.fputc)
    go                                       0x08004591   Thumb Code    50  motor.o(i.go)
    go_track                                 0x080045d1   Thumb Code    50  motor.o(i.go_track)
    inv_orientation_matrix_to_scalar         0x08004721   Thumb Code    40  inv_mpu.o(i.inv_orientation_matrix_to_scalar)
    inv_row_2_scale                          0x08004749   Thumb Code    78  inv_mpu.o(i.inv_row_2_scale)
    judge_fire                               0x08004799   Thumb Code    60  fire.o(i.judge_fire)
    left                                     0x080047d9   Thumb Code    48  motor.o(i.left)
    left_track                               0x08004815   Thumb Code    48  motor.o(i.left_track)
    main                                     0x08004851   Thumb Code   232  main.o(i.main)
    mget_ms                                  0x08004961   Thumb Code     2  inv_mpu.o(i.mget_ms)
    motor_Init                               0x08004965   Thumb Code    80  motor.o(i.motor_Init)
    mpu_configure_fifo                       0x080049bd   Thumb Code   106  inv_mpu.o(i.mpu_configure_fifo)
    mpu_dmp_get_data                         0x08004a2d   Thumb Code   544  inv_mpu.o(i.mpu_dmp_get_data)
    mpu_dmp_init                             0x08004c51   Thumb Code   154  inv_mpu.o(i.mpu_dmp_init)
    mpu_get_accel_fsr                        0x08004cf1   Thumb Code    72  inv_mpu.o(i.mpu_get_accel_fsr)
    mpu_get_accel_sens                       0x08004d3d   Thumb Code    78  inv_mpu.o(i.mpu_get_accel_sens)
    mpu_get_fifo_config                      0x08004d91   Thumb Code    12  inv_mpu.o(i.mpu_get_fifo_config)
    mpu_get_gyro_fsr                         0x08004da1   Thumb Code    64  inv_mpu.o(i.mpu_get_gyro_fsr)
    mpu_get_gyro_sens                        0x08004de5   Thumb Code    58  inv_mpu.o(i.mpu_get_gyro_sens)
    mpu_get_lpf                              0x08004e35   Thumb Code    74  inv_mpu.o(i.mpu_get_lpf)
    mpu_get_sample_rate                      0x08004e85   Thumb Code    26  inv_mpu.o(i.mpu_get_sample_rate)
    mpu_init                                 0x08004ea5   Thumb Code   416  inv_mpu.o(i.mpu_init)
    mpu_load_firmware                        0x08005095   Thumb Code   180  inv_mpu.o(i.mpu_load_firmware)
    mpu_lp_accel_mode                        0x0800514d   Thumb Code   218  inv_mpu.o(i.mpu_lp_accel_mode)
    mpu_read_fifo_stream                     0x0800522d   Thumb Code   186  inv_mpu.o(i.mpu_read_fifo_stream)
    mpu_read_mem                             0x080052ed   Thumb Code   122  inv_mpu.o(i.mpu_read_mem)
    mpu_reset_fifo                           0x0800536d   Thumb Code   450  inv_mpu.o(i.mpu_reset_fifo)
    mpu_run_self_test                        0x08005535   Thumb Code   278  inv_mpu.o(i.mpu_run_self_test)
    mpu_set_accel_fsr                        0x08005651   Thumb Code   126  inv_mpu.o(i.mpu_set_accel_fsr)
    mpu_set_bypass                           0x080056d5   Thumb Code   328  inv_mpu.o(i.mpu_set_bypass)
    mpu_set_dmp_state                        0x08005821   Thumb Code   138  inv_mpu.o(i.mpu_set_dmp_state)
    mpu_set_gyro_fsr                         0x080058b1   Thumb Code   132  inv_mpu.o(i.mpu_set_gyro_fsr)
    mpu_set_int_latched                      0x08005939   Thumb Code   102  inv_mpu.o(i.mpu_set_int_latched)
    mpu_set_lpf                              0x080059a5   Thumb Code   126  inv_mpu.o(i.mpu_set_lpf)
    mpu_set_sample_rate                      0x08005a29   Thumb Code   152  inv_mpu.o(i.mpu_set_sample_rate)
    mpu_set_sensors                          0x08005ac5   Thumb Code   202  inv_mpu.o(i.mpu_set_sensors)
    mpu_write_mem                            0x08005b95   Thumb Code   122  inv_mpu.o(i.mpu_write_mem)
    read_addr                                0x08005c15   Thumb Code     6  usmart.o(i.read_addr)
    right                                    0x08005c1d   Thumb Code    48  motor.o(i.right)
    right_track                              0x08005c59   Thumb Code    48  motor.o(i.right_track)
    run_self_test                            0x08005c95   Thumb Code   148  inv_mpu.o(i.run_self_test)
    sqrt                                     0x08005db9   Thumb Code    76  sqrt.o(i.sqrt)
    stop                                     0x08005e05   Thumb Code    44  motor.o(i.stop)
    track                                    0x08005e3d   Thumb Code   200  track.o(i.track)
    track_init                               0x08005f11   Thumb Code    40  track.o(i.track_init)
    uart1_init                               0x08005f3d   Thumb Code   152  usart.o(i.uart1_init)
    uart2_init                               0x08005fdd   Thumb Code   154  usart.o(i.uart2_init)
    usmart_cmd_rec                           0x08006081   Thumb Code   170  usmart.o(i.usmart_cmd_rec)
    usmart_exe                               0x08006131   Thumb Code   632  usmart.o(i.usmart_exe)
    usmart_get_aparm                         0x08006405   Thumb Code   200  usmart_str.o(i.usmart_get_aparm)
    usmart_get_cmdname                       0x080064cd   Thumb Code    54  usmart_str.o(i.usmart_get_cmdname)
    usmart_get_fname                         0x08006505   Thumb Code   440  usmart_str.o(i.usmart_get_fname)
    usmart_get_fparam                        0x080066c5   Thumb Code   262  usmart_str.o(i.usmart_get_fparam)
    usmart_get_parmpos                       0x080067d1   Thumb Code    26  usmart_str.o(i.usmart_get_parmpos)
    usmart_get_runtime                       0x080067f1   Thumb Code    60  usmart.o(i.usmart_get_runtime)
    usmart_init                              0x08006835   Thumb Code    36  usmart.o(i.usmart_init)
    usmart_pow                               0x0800685d   Thumb Code    22  usmart_str.o(i.usmart_pow)
    usmart_reset_runtime                     0x08006875   Thumb Code    38  usmart.o(i.usmart_reset_runtime)
    usmart_scan                              0x080068a5   Thumb Code   120  usmart.o(i.usmart_scan)
    usmart_search_nextc                      0x08006961   Thumb Code    22  usmart_str.o(i.usmart_search_nextc)
    usmart_str2num                           0x08006977   Thumb Code   202  usmart_str.o(i.usmart_str2num)
    usmart_strcmp                            0x08006a41   Thumb Code    34  usmart_str.o(i.usmart_strcmp)
    usmart_strcopy                           0x08006a63   Thumb Code    22  usmart_str.o(i.usmart_strcopy)
    usmart_strlen                            0x08006a79   Thumb Code    24  usmart_str.o(i.usmart_strlen)
    usmart_sys_cmd_exe                       0x08006a91   Thumb Code  1554  usmart.o(i.usmart_sys_cmd_exe)
    write_addr                               0x08007175   Thumb Code     4  usmart.o(i.write_addr)
    reg                                      0x08007178   Data          27  inv_mpu.o(.constdata)
    hw                                       0x08007194   Data          12  inv_mpu.o(.constdata)
    test                                     0x080071a0   Data          40  inv_mpu.o(.constdata)
    __mathlib_zero                           0x08007ea8   Data           8  qnan.o(.constdata)
    Region$$Table$$Base                      0x08007ff4   Number         0  anon$$obj.o(Region$$Table)
    Region$$Table$$Limit                     0x08008014   Number         0  anon$$obj.o(Region$$Table)
    SystemCoreClock                          0x20000000   Data           4  system_stm32f10x.o(.data)
    AHBPrescTable                            0x20000004   Data          16  system_stm32f10x.o(.data)
    __stdout                                 0x2000002c   Data           4  usart.o(.data)
    USART_RX_STA                             0x20000030   Data           2  usart.o(.data)
    PWM1                                     0x20000032   Data           1  usart.o(.data)
    PWM2                                     0x20000033   Data           1  usart.o(.data)
    flag                                     0x20000034   Data           1  usart.o(.data)
    a                                        0x20000035   Data           1  usart.o(.data)
    b                                        0x20000036   Data           1  usart.o(.data)
    study                                    0x20000038   Data           8  usart.o(.data)
    pitch                                    0x2000007c   Data           4  timer.o(.data)
    roll                                     0x20000080   Data           4  timer.o(.data)
    yaw                                      0x20000084   Data           4  timer.o(.data)
    people                                   0x20000088   Data           4  timer.o(.data)
    fire                                     0x2000008c   Data           4  timer.o(.data)
    i                                        0x20000090   Data           4  track.o(.data)
    temp                                     0x20000094   Data           4  track.o(.data)
    sys_cmd_tab                              0x20000098   Data          28  usmart.o(.data)
    usmart_nametab                           0x200000b4   Data          56  usmart_config.o(.data)
    usmart_dev                               0x200000ec   Data         244  usmart_config.o(.data)
    USART_RX_BUF                             0x200001e4   Data         200  usart.o(.bss)
    __initial_sp                             0x200006c0   Data           0  startup_stm32f10x_hd.o(STACK)



==============================================================================

Memory Map of the image

  Image Entry point : 0x08000131

  Load Region LR_IROM1 (Base: 0x08000000, Size: 0x000081f8, Max: 0x00010000, ABSOLUTE, COMPRESSED[0x000080a0])

    Execution Region ER_IROM1 (Base: 0x08000000, Size: 0x00008014, Max: 0x00010000, ABSOLUTE)

    Base Addr    Size         Type   Attr      Idx    E Section Name        Object

    0x08000000   0x00000130   Data   RO          292    RESET               startup_stm32f10x_hd.o
    0x08000130   0x00000000   Code   RO         4616  * .ARM.Collect$$$$00000000  mc_w.l(entry.o)
    0x08000130   0x00000004   Code   RO         4957    .ARM.Collect$$$$00000001  mc_w.l(entry2.o)
    0x08000134   0x00000004   Code   RO         4960    .ARM.Collect$$$$00000004  mc_w.l(entry5.o)
    0x08000138   0x00000000   Code   RO         4962    .ARM.Collect$$$$00000008  mc_w.l(entry7b.o)
    0x08000138   0x00000000   Code   RO         4964    .ARM.Collect$$$$0000000A  mc_w.l(entry8b.o)
    0x08000138   0x00000008   Code   RO         4965    .ARM.Collect$$$$0000000B  mc_w.l(entry9a.o)
    0x08000140   0x00000000   Code   RO         4967    .ARM.Collect$$$$0000000D  mc_w.l(entry10a.o)
    0x08000140   0x00000000   Code   RO         4969    .ARM.Collect$$$$0000000F  mc_w.l(entry11a.o)
    0x08000140   0x00000004   Code   RO         4958    .ARM.Collect$$$$00002712  mc_w.l(entry2.o)
    0x08000144   0x00000024   Code   RO          293    .text               startup_stm32f10x_hd.o
    0x08000168   0x00000062   Code   RO         4619    .text               mc_w.l(ldiv.o)
    0x080001ca   0x00000024   Code   RO         4621    .text               mc_w.l(memseta.o)
    0x080001ee   0x0000001a   Code   RO         4623    .text               mc_w.l(memcmp.o)
    0x08000208   0x000000b0   Code   RO         4886    .text               mf_w.l(fadd.o)
    0x080002b8   0x00000064   Code   RO         4888    .text               mf_w.l(fmul.o)
    0x0800031c   0x0000007c   Code   RO         4890    .text               mf_w.l(fdiv.o)
    0x08000398   0x0000014e   Code   RO         4892    .text               mf_w.l(dadd.o)
    0x080004e6   0x000000e4   Code   RO         4894    .text               mf_w.l(dmul.o)
    0x080005ca   0x000000de   Code   RO         4896    .text               mf_w.l(ddiv.o)
    0x080006a8   0x00000012   Code   RO         4898    .text               mf_w.l(fflti.o)
    0x080006ba   0x0000000a   Code   RO         4900    .text               mf_w.l(ffltui.o)
    0x080006c4   0x00000022   Code   RO         4902    .text               mf_w.l(dflti.o)
    0x080006e6   0x00000032   Code   RO         4906    .text               mf_w.l(ffixi.o)
    0x08000718   0x00000028   Code   RO         4908    .text               mf_w.l(ffixui.o)
    0x08000740   0x00000026   Code   RO         4912    .text               mf_w.l(f2d.o)
    0x08000766   0x00000038   Code   RO         4914    .text               mf_w.l(d2f.o)
    0x0800079e   0x00000002   PAD
    0x080007a0   0x00000014   Code   RO         4916    .text               mf_w.l(cfcmple.o)
    0x080007b4   0x00000014   Code   RO         4918    .text               mf_w.l(cfrcmple.o)
    0x080007c8   0x0000002c   Code   RO         4971    .text               mc_w.l(uidiv.o)
    0x080007f4   0x00000062   Code   RO         4973    .text               mc_w.l(uldiv.o)
    0x08000856   0x0000001e   Code   RO         4975    .text               mc_w.l(llshl.o)
    0x08000874   0x00000020   Code   RO         4977    .text               mc_w.l(llushr.o)
    0x08000894   0x00000024   Code   RO         4979    .text               mc_w.l(llsshr.o)
    0x080008b8   0x00000000   Code   RO         4988    .text               mc_w.l(iusefp.o)
    0x080008b8   0x0000006e   Code   RO         4989    .text               mf_w.l(fepilogue.o)
    0x08000926   0x000000ba   Code   RO         4991    .text               mf_w.l(depilogue.o)
    0x080009e0   0x0000002e   Code   RO         4993    .text               mf_w.l(dscalb.o)
    0x08000a0e   0x00000030   Code   RO         4995    .text               mf_w.l(dfixul.o)
    0x08000a3e   0x00000002   PAD
    0x08000a40   0x00000030   Code   RO         4997    .text               mf_w.l(cdrcmple.o)
    0x08000a70   0x00000024   Code   RO         4999    .text               mc_w.l(init.o)
    0x08000a94   0x000000a2   Code   RO         5001    .text               mf_w.l(dsqrt.o)
    0x08000b36   0x00000056   Code   RO         5013    .text               mc_w.l(__dczerorl2.o)
    0x08000b8c   0x00000004   Code   RO          156    i.BusFault_Handler  stm32f10x_it.o
    0x08000b90   0x00000002   Code   RO          157    i.DebugMon_Handler  stm32f10x_it.o
    0x08000b92   0x00000116   Code   RO         1448    i.GPIO_Init         stm32f10x_gpio.o
    0x08000ca8   0x00000090   Code   RO         1450    i.GPIO_PinRemapConfig  stm32f10x_gpio.o
    0x08000d38   0x00000012   Code   RO         1452    i.GPIO_ReadInputDataBit  stm32f10x_gpio.o
    0x08000d4a   0x00000004   Code   RO         1455    i.GPIO_ResetBits    stm32f10x_gpio.o
    0x08000d4e   0x00000004   Code   RO         1456    i.GPIO_SetBits      stm32f10x_gpio.o
    0x08000d52   0x00000004   Code   RO          158    i.HardFault_Handler  stm32f10x_it.o
    0x08000d56   0x00000002   PAD
    0x08000d58   0x000000a4   Code   RO         3372    i.KEY_Scan          key.o
    0x08000dfc   0x00000038   Code   RO         3390    i.LED_Init          led.o
    0x08000e34   0x00000050   Code   RO         3612    i.MPU_Get_Accelerometer  mpu6050.o
    0x08000e84   0x00000050   Code   RO         3613    i.MPU_Get_Gyroscope  mpu6050.o
    0x08000ed4   0x00000068   Code   RO         3614    i.MPU_Get_Temperature  mpu6050.o
    0x08000f3c   0x0000004c   Code   RO         3690    i.MPU_IIC_Ack       mpuiic.o
    0x08000f88   0x0000000a   Code   RO         3691    i.MPU_IIC_Delay     mpuiic.o
    0x08000f92   0x00000002   PAD
    0x08000f94   0x00000038   Code   RO         3692    i.MPU_IIC_Init      mpuiic.o
    0x08000fcc   0x0000004c   Code   RO         3693    i.MPU_IIC_NAck      mpuiic.o
    0x08001018   0x0000006c   Code   RO         3694    i.MPU_IIC_Read_Byte  mpuiic.o
    0x08001084   0x0000005c   Code   RO         3695    i.MPU_IIC_Send_Byte  mpuiic.o
    0x080010e0   0x00000048   Code   RO         3696    i.MPU_IIC_Start     mpuiic.o
    0x08001128   0x00000048   Code   RO         3697    i.MPU_IIC_Stop      mpuiic.o
    0x08001170   0x00000064   Code   RO         3698    i.MPU_IIC_Wait_Ack  mpuiic.o
    0x080011d4   0x000000c0   Code   RO         3615    i.MPU_Init          mpu6050.o
    0x08001294   0x0000003a   Code   RO         3616    i.MPU_Read_Byte     mpu6050.o
    0x080012ce   0x00000074   Code   RO         3617    i.MPU_Read_Len      mpu6050.o
    0x08001342   0x00000010   Code   RO         3618    i.MPU_Set_Accel_Fsr  mpu6050.o
    0x08001352   0x00000010   Code   RO         3619    i.MPU_Set_Gyro_Fsr  mpu6050.o
    0x08001362   0x0000003a   Code   RO         3620    i.MPU_Set_LPF       mpu6050.o
    0x0800139c   0x0000003a   Code   RO         3621    i.MPU_Set_Rate      mpu6050.o
    0x080013d6   0x00000044   Code   RO         3622    i.MPU_Write_Byte    mpu6050.o
    0x0800141a   0x00000060   Code   RO         3623    i.MPU_Write_Len     mpu6050.o
    0x0800147a   0x00000004   Code   RO          159    i.MemManage_Handler  stm32f10x_it.o
    0x0800147e   0x00000002   Code   RO          160    i.NMI_Handler       stm32f10x_it.o
    0x08001480   0x00000070   Code   RO          297    i.NVIC_Init         misc.o
    0x080014f0   0x00000014   Code   RO          298    i.NVIC_PriorityGroupConfig  misc.o
    0x08001504   0x00000002   Code   RO          161    i.PendSV_Handler    stm32f10x_it.o
    0x08001506   0x00000002   PAD
    0x08001508   0x00000020   Code   RO         1864    i.RCC_APB1PeriphClockCmd  stm32f10x_rcc.o
    0x08001528   0x00000020   Code   RO         1866    i.RCC_APB2PeriphClockCmd  stm32f10x_rcc.o
    0x08001548   0x000000d4   Code   RO         1874    i.RCC_GetClocksFreq  stm32f10x_rcc.o
    0x0800161c   0x00000002   Code   RO          162    i.SVC_Handler       stm32f10x_it.o
    0x0800161e   0x00000008   Code   RO          245    i.SetSysClock       system_stm32f10x.o
    0x08001626   0x00000002   PAD
    0x08001628   0x000000e0   Code   RO          246    i.SetSysClockTo72   system_stm32f10x.o
    0x08001708   0x00000028   Code   RO          301    i.SysTick_CLKSourceConfig  misc.o
    0x08001730   0x00000002   Code   RO          163    i.SysTick_Handler   stm32f10x_it.o
    0x08001732   0x00000002   PAD
    0x08001734   0x00000060   Code   RO          248    i.SystemInit        system_stm32f10x.o
    0x08001794   0x00000064   Code   RO         4264    i.TIM2_IRQHandler   timer.o
    0x080017f8   0x0000005c   Code   RO         4265    i.TIM2_Int_Init     timer.o
    0x08001854   0x00000100   Code   RO         4266    i.TIM3_PWM_Init     timer.o
    0x08001954   0x00000038   Code   RO         4430    i.TIM4_IRQHandler   usmart.o
    0x0800198c   0x00000006   Code   RO         2492    i.TIM_ClearFlag     stm32f10x_tim.o
    0x08001992   0x00000006   Code   RO         2493    i.TIM_ClearITPendingBit  stm32f10x_tim.o
    0x08001998   0x00000018   Code   RO         2498    i.TIM_Cmd           stm32f10x_tim.o
    0x080019b0   0x00000006   Code   RO         2517    i.TIM_GetCounter    stm32f10x_tim.o
    0x080019b6   0x00000012   Code   RO         2518    i.TIM_GetFlagStatus  stm32f10x_tim.o
    0x080019c8   0x00000022   Code   RO         2519    i.TIM_GetITStatus   stm32f10x_tim.o
    0x080019ea   0x00000012   Code   RO         2523    i.TIM_ITConfig      stm32f10x_tim.o
    0x080019fc   0x00000098   Code   RO         2527    i.TIM_OC1Init       stm32f10x_tim.o
    0x08001a94   0x000000a4   Code   RO         2532    i.TIM_OC2Init       stm32f10x_tim.o
    0x08001b38   0x0000001a   Code   RO         2535    i.TIM_OC2PreloadConfig  stm32f10x_tim.o
    0x08001b52   0x00000002   PAD
    0x08001b54   0x000000a0   Code   RO         2537    i.TIM_OC3Init       stm32f10x_tim.o
    0x08001bf4   0x00000012   Code   RO         2540    i.TIM_OC3PreloadConfig  stm32f10x_tim.o
    0x08001c06   0x00000002   PAD
    0x08001c08   0x0000007c   Code   RO         2542    i.TIM_OC4Init       stm32f10x_tim.o
    0x08001c84   0x0000001a   Code   RO         2544    i.TIM_OC4PreloadConfig  stm32f10x_tim.o
    0x08001c9e   0x00000004   Code   RO         2557    i.TIM_SetAutoreload  stm32f10x_tim.o
    0x08001ca2   0x00000004   Code   RO         2559    i.TIM_SetCompare1   stm32f10x_tim.o
    0x08001ca6   0x00000004   Code   RO         2560    i.TIM_SetCompare2   stm32f10x_tim.o
    0x08001caa   0x00000004   Code   RO         2561    i.TIM_SetCompare3   stm32f10x_tim.o
    0x08001cae   0x00000006   Code   RO         2562    i.TIM_SetCompare4   stm32f10x_tim.o
    0x08001cb4   0x00000004   Code   RO         2563    i.TIM_SetCounter    stm32f10x_tim.o
    0x08001cb8   0x000000a4   Code   RO         2569    i.TIM_TimeBaseInit  stm32f10x_tim.o
    0x08001d5c   0x0000005c   Code   RO         4431    i.Timer4_Init       usmart.o
    0x08001db8   0x00000170   Code   RO         3318    i.USART1_IRQHandler  usart.o
    0x08001f28   0x000000a4   Code   RO         3319    i.USART2_IRQHandler  usart.o
    0x08001fcc   0x00000018   Code   RO         3034    i.USART_Cmd         stm32f10x_usart.o
    0x08001fe4   0x00000054   Code   RO         3038    i.USART_GetITStatus  stm32f10x_usart.o
    0x08002038   0x0000004a   Code   RO         3040    i.USART_ITConfig    stm32f10x_usart.o
    0x08002082   0x00000002   PAD
    0x08002084   0x000000d8   Code   RO         3041    i.USART_Init        stm32f10x_usart.o
    0x0800215c   0x0000000a   Code   RO         3048    i.USART_ReceiveData  stm32f10x_usart.o
    0x08002166   0x00000004   Code   RO          164    i.UsageFault_Handler  stm32f10x_it.o
    0x0800216a   0x00000002   PAD
    0x0800216c   0x00000020   Code   RO         4858    i.__0printf         mc_w.l(printfa.o)
    0x0800218c   0x00000028   Code   RO         4944    i.__ARM_fpclassify  m_ws.l(fpclassify.o)
    0x080021b4   0x000000aa   Code   RO         4946    i.__kernel_poly     m_ws.l(poly.o)
    0x0800225e   0x00000006   Code   RO         4931    i.__mathlib_dbl_infnan  m_ws.l(dunder.o)
    0x08002264   0x00000004   Code   RO         4932    i.__mathlib_dbl_infnan2  m_ws.l(dunder.o)
    0x08002268   0x0000000c   Code   RO         4933    i.__mathlib_dbl_invalid  m_ws.l(dunder.o)
    0x08002274   0x00000010   Code   RO         4936    i.__mathlib_dbl_underflow  m_ws.l(dunder.o)
    0x08002284   0x0000000e   Code   RO         5007    i.__scatterload_copy  mc_w.l(handlers.o)
    0x08002292   0x00000002   Code   RO         5008    i.__scatterload_null  mc_w.l(handlers.o)
    0x08002294   0x0000000e   Code   RO         5009    i.__scatterload_zeroinit  mc_w.l(handlers.o)
    0x080022a2   0x00000002   PAD
    0x080022a4   0x0000000c   Code   RO         4983    i.__set_errno       mc_w.l(errno.o)
    0x080022b0   0x00000164   Code   RO         4865    i._fp_digits        mc_w.l(printfa.o)
    0x08002414   0x000006dc   Code   RO         4866    i._printf_core      mc_w.l(printfa.o)
    0x08002af0   0x00000024   Code   RO         4867    i._printf_post_padding  mc_w.l(printfa.o)
    0x08002b14   0x0000002e   Code   RO         4868    i._printf_pre_padding  mc_w.l(printfa.o)
    0x08002b42   0x00000002   PAD
    0x08002b44   0x000000a8   Code   RO         3750    i.accel_self_test   inv_mpu.o
    0x08002bec   0x00000270   Code   RO         4599    i.asin              m_ws.l(asin.o)
    0x08002e5c   0x00000220   Code   RO         4921    i.atan              m_ws.l(atan.o)
    0x0800307c   0x00000180   Code   RO         4609    i.atan2             m_ws.l(atan2.o)
    0x080031fc   0x00000040   Code   RO         4291    i.back              motor.o
    0x0800323c   0x00000064   Code   RO         4078    i.decode_gesture    inv_mpu_dmp_motion_driver.o
    0x080032a0   0x0000002c   Code   RO         4385    i.dection_people    hc-sr501.o
    0x080032cc   0x00000044   Code   RO         3264    i.delay_init        delay.o
    0x08003310   0x0000004c   Code   RO         3265    i.delay_ms          delay.o
    0x0800335c   0x0000004c   Code   RO         3266    i.delay_us          delay.o
    0x080033a8   0x000000c8   Code   RO         4402    i.detection_forks   track.o
    0x08003470   0x0000003c   Code   RO         4079    i.dmp_enable_6x_lp_quat  inv_mpu_dmp_motion_driver.o
    0x080034ac   0x0000021c   Code   RO         4080    i.dmp_enable_feature  inv_mpu_dmp_motion_driver.o
    0x080036c8   0x00000058   Code   RO         4081    i.dmp_enable_gyro_cal  inv_mpu_dmp_motion_driver.o
    0x08003720   0x0000003c   Code   RO         4082    i.dmp_enable_lp_quat  inv_mpu_dmp_motion_driver.o
    0x0800375c   0x00000018   Code   RO         4087    i.dmp_load_motion_driver_firmware  inv_mpu_dmp_motion_driver.o
    0x08003774   0x000001cc   Code   RO         4088    i.dmp_read_fifo     inv_mpu_dmp_motion_driver.o
    0x08003940   0x00000130   Code   RO         4091    i.dmp_set_accel_bias  inv_mpu_dmp_motion_driver.o
    0x08003a70   0x00000070   Code   RO         4092    i.dmp_set_fifo_rate  inv_mpu_dmp_motion_driver.o
    0x08003ae0   0x00000130   Code   RO         4093    i.dmp_set_gyro_bias  inv_mpu_dmp_motion_driver.o
    0x08003c10   0x00000138   Code   RO         4095    i.dmp_set_orientation  inv_mpu_dmp_motion_driver.o
    0x08003d48   0x00000038   Code   RO         4098    i.dmp_set_shake_reject_thresh  inv_mpu_dmp_motion_driver.o
    0x08003d80   0x00000026   Code   RO         4099    i.dmp_set_shake_reject_time  inv_mpu_dmp_motion_driver.o
    0x08003da6   0x00000026   Code   RO         4100    i.dmp_set_shake_reject_timeout  inv_mpu_dmp_motion_driver.o
    0x08003dcc   0x00000046   Code   RO         4101    i.dmp_set_tap_axes  inv_mpu_dmp_motion_driver.o
    0x08003e12   0x00000026   Code   RO         4102    i.dmp_set_tap_count  inv_mpu_dmp_motion_driver.o
    0x08003e38   0x000001a0   Code   RO         4103    i.dmp_set_tap_thresh  inv_mpu_dmp_motion_driver.o
    0x08003fd8   0x00000026   Code   RO         4104    i.dmp_set_tap_time  inv_mpu_dmp_motion_driver.o
    0x08003ffe   0x00000026   Code   RO         4105    i.dmp_set_tap_time_multi  inv_mpu_dmp_motion_driver.o
    0x08004024   0x0000002c   Code   RO         4366    i.fire_init         fire.o
    0x08004050   0x0000001c   Code   RO         3321    i.fputc             usart.o
    0x0800406c   0x000000b4   Code   RO         3751    i.get_accel_prod_shift  inv_mpu.o
    0x08004120   0x00000470   Code   RO         3752    i.get_st_biases     inv_mpu.o
    0x08004590   0x00000040   Code   RO         4293    i.go                motor.o
    0x080045d0   0x00000040   Code   RO         4294    i.go_track          motor.o
    0x08004610   0x00000110   Code   RO         3753    i.gyro_self_test    inv_mpu.o
    0x08004720   0x00000028   Code   RO         3754    i.inv_orientation_matrix_to_scalar  inv_mpu.o
    0x08004748   0x0000004e   Code   RO         3755    i.inv_row_2_scale   inv_mpu.o
    0x08004796   0x00000002   PAD
    0x08004798   0x00000040   Code   RO         4367    i.judge_fire        fire.o
    0x080047d8   0x0000003c   Code   RO         4295    i.left              motor.o
    0x08004814   0x0000003c   Code   RO         4296    i.left_track        motor.o
    0x08004850   0x00000110   Code   RO            1    i.main              main.o
    0x08004960   0x00000002   Code   RO         3756    i.mget_ms           inv_mpu.o
    0x08004962   0x00000002   PAD
    0x08004964   0x00000058   Code   RO         4297    i.motor_Init        motor.o
    0x080049bc   0x00000070   Code   RO         3757    i.mpu_configure_fifo  inv_mpu.o
    0x08004a2c   0x00000224   Code   RO         3758    i.mpu_dmp_get_data  inv_mpu.o
    0x08004c50   0x000000a0   Code   RO         3759    i.mpu_dmp_init      inv_mpu.o
    0x08004cf0   0x0000004c   Code   RO         3760    i.mpu_get_accel_fsr  inv_mpu.o
    0x08004d3c   0x00000054   Code   RO         3762    i.mpu_get_accel_sens  inv_mpu.o
    0x08004d90   0x00000010   Code   RO         3767    i.mpu_get_fifo_config  inv_mpu.o
    0x08004da0   0x00000044   Code   RO         3768    i.mpu_get_gyro_fsr  inv_mpu.o
    0x08004de4   0x00000050   Code   RO         3770    i.mpu_get_gyro_sens  inv_mpu.o
    0x08004e34   0x00000050   Code   RO         3772    i.mpu_get_lpf       inv_mpu.o
    0x08004e84   0x00000020   Code   RO         3774    i.mpu_get_sample_rate  inv_mpu.o
    0x08004ea4   0x000001f0   Code   RO         3776    i.mpu_init          inv_mpu.o
    0x08005094   0x000000b8   Code   RO         3777    i.mpu_load_firmware  inv_mpu.o
    0x0800514c   0x000000e0   Code   RO         3778    i.mpu_lp_accel_mode  inv_mpu.o
    0x0800522c   0x000000c0   Code   RO         3781    i.mpu_read_fifo_stream  inv_mpu.o
    0x080052ec   0x00000080   Code   RO         3782    i.mpu_read_mem      inv_mpu.o
    0x0800536c   0x000001c8   Code   RO         3785    i.mpu_reset_fifo    inv_mpu.o
    0x08005534   0x0000011c   Code   RO         3786    i.mpu_run_self_test  inv_mpu.o
    0x08005650   0x00000084   Code   RO         3788    i.mpu_set_accel_fsr  inv_mpu.o
    0x080056d4   0x0000014c   Code   RO         3789    i.mpu_set_bypass    inv_mpu.o
    0x08005820   0x00000090   Code   RO         3791    i.mpu_set_dmp_state  inv_mpu.o
    0x080058b0   0x00000088   Code   RO         3792    i.mpu_set_gyro_fsr  inv_mpu.o
    0x08005938   0x0000006c   Code   RO         3793    i.mpu_set_int_latched  inv_mpu.o
    0x080059a4   0x00000084   Code   RO         3795    i.mpu_set_lpf       inv_mpu.o
    0x08005a28   0x0000009c   Code   RO         3796    i.mpu_set_sample_rate  inv_mpu.o
    0x08005ac4   0x000000d0   Code   RO         3797    i.mpu_set_sensors   inv_mpu.o
    0x08005b94   0x00000080   Code   RO         3798    i.mpu_write_mem     inv_mpu.o
    0x08005c14   0x00000006   Code   RO         4432    i.read_addr         usmart.o
    0x08005c1a   0x00000002   PAD
    0x08005c1c   0x0000003c   Code   RO         4298    i.right             motor.o
    0x08005c58   0x0000003c   Code   RO         4299    i.right_track       motor.o
    0x08005c94   0x00000094   Code   RO         3799    i.run_self_test     inv_mpu.o
    0x08005d28   0x00000090   Code   RO         3800    i.set_int_enable    inv_mpu.o
    0x08005db8   0x0000004c   Code   RO         4950    i.sqrt              m_ws.l(sqrt.o)
    0x08005e04   0x00000038   Code   RO         4300    i.stop              motor.o
    0x08005e3c   0x000000d4   Code   RO         4403    i.track             track.o
    0x08005f10   0x0000002c   Code   RO         4404    i.track_init        track.o
    0x08005f3c   0x000000a0   Code   RO         3322    i.uart1_init        usart.o
    0x08005fdc   0x000000a4   Code   RO         3323    i.uart2_init        usart.o
    0x08006080   0x000000b0   Code   RO         4433    i.usmart_cmd_rec    usmart.o
    0x08006130   0x000002d4   Code   RO         4434    i.usmart_exe        usmart.o
    0x08006404   0x000000c8   Code   RO         4526    i.usmart_get_aparm  usmart_str.o
    0x080064cc   0x00000036   Code   RO         4527    i.usmart_get_cmdname  usmart_str.o
    0x08006502   0x00000002   PAD
    0x08006504   0x000001c0   Code   RO         4528    i.usmart_get_fname  usmart_str.o
    0x080066c4   0x0000010c   Code   RO         4529    i.usmart_get_fparam  usmart_str.o
    0x080067d0   0x00000020   Code   RO         4530    i.usmart_get_parmpos  usmart_str.o
    0x080067f0   0x00000044   Code   RO         4435    i.usmart_get_runtime  usmart.o
    0x08006834   0x00000028   Code   RO         4436    i.usmart_init       usmart.o
    0x0800685c   0x00000016   Code   RO         4531    i.usmart_pow        usmart_str.o
    0x08006872   0x00000002   PAD
    0x08006874   0x00000030   Code   RO         4437    i.usmart_reset_runtime  usmart.o
    0x080068a4   0x000000bc   Code   RO         4438    i.usmart_scan       usmart.o
    0x08006960   0x00000016   Code   RO         4532    i.usmart_search_nextc  usmart_str.o
    0x08006976   0x000000ca   Code   RO         4533    i.usmart_str2num    usmart_str.o
    0x08006a40   0x00000022   Code   RO         4534    i.usmart_strcmp     usmart_str.o
    0x08006a62   0x00000016   Code   RO         4535    i.usmart_strcopy    usmart_str.o
    0x08006a78   0x00000018   Code   RO         4536    i.usmart_strlen     usmart_str.o
    0x08006a90   0x000006e4   Code   RO         4439    i.usmart_sys_cmd_exe  usmart.o
    0x08007174   0x00000004   Code   RO         4440    i.write_addr        usmart.o
    0x08007178   0x00000050   Data   RO         3802    .constdata          inv_mpu.o
    0x080071c8   0x00000bf6   Data   RO         4107    .constdata          inv_mpu_dmp_motion_driver.o
    0x08007dbe   0x00000002   PAD
    0x08007dc0   0x00000050   Data   RO         4600    .constdata          m_ws.l(asin.o)
    0x08007e10   0x00000098   Data   RO         4922    .constdata          m_ws.l(atan.o)
    0x08007ea8   0x00000008   Data   RO         4948    .constdata          m_ws.l(qnan.o)
    0x08007eb0   0x0000004d   Data   RO         3803    .conststring        inv_mpu.o
    0x08007efd   0x00000003   PAD
    0x08007f00   0x00000028   Data   RO         4441    .conststring        usmart.o
    0x08007f28   0x000000cb   Data   RO         4513    .conststring        usmart_config.o
    0x08007ff3   0x00000001   PAD
    0x08007ff4   0x00000020   Data   RO         5005    Region$$Table       anon$$obj.o


    Execution Region RW_IRAM1 (Base: 0x20000000, Size: 0x000006c0, Max: 0x00005000, ABSOLUTE, COMPRESSED[0x0000008c])

    Base Addr    Size         Type   Attr      Idx    E Section Name        Object

    0x20000000   0x00000014   Data   RW          249    .data               system_stm32f10x.o
    0x20000014   0x00000014   Data   RW         1894    .data               stm32f10x_rcc.o
    0x20000028   0x00000004   Data   RW         3267    .data               delay.o
    0x2000002c   0x00000014   Data   RW         3325    .data               usart.o
    0x20000040   0x00000001   Data   RW         3373    .data               key.o
    0x20000041   0x00000003   PAD
    0x20000044   0x00000035   Data   RW         3804    .data               inv_mpu.o
    0x20000079   0x00000003   PAD
    0x2000007c   0x00000014   Data   RW         4267    .data               timer.o
    0x20000090   0x00000008   Data   RW         4405    .data               track.o
    0x20000098   0x0000001c   Data   RW         4442    .data               usmart.o
    0x200000b4   0x0000012c   Data   RW         4514    .data               usmart_config.o
    0x200001e0   0x00000004   Data   RW         4984    .data               mc_w.l(errno.o)
    0x200001e4   0x000000c8   Zero   RW         3324    .bss                usart.o
    0x200002ac   0x00000010   Zero   RW         4106    .bss                inv_mpu_dmp_motion_driver.o
    0x200002bc   0x00000004   PAD
    0x200002c0   0x00000400   Zero   RW          290    STACK               startup_stm32f10x_hd.o


==============================================================================

Image component sizes


      Code (inc. data)   RO Data    RW Data    ZI Data      Debug   Object Name

         0          0          0          0          0         32   core_cm3.o
       220         26          0          4          0       1747   delay.o
       108         10          0          0          0       1053   fire.o
        44          4          0          0          0        561   hc-sr501.o
      6864        290        157         53          0      31212   inv_mpu.o
      3096        122       3062          0         16      20826   inv_mpu_dmp_motion_driver.o
       164         14          0          1          0        651   key.o
        56          6          0          0          0        503   led.o
       272         40          0          0          0     252163   main.o
       172         22          0          0          0       2017   misc.o
       576        110          0          0          0       4361   motor.o
       942         30          0          0          0       8233   mpu6050.o
       662        100          0          0          0       4938   mpuiic.o
        36          8        304          0       1024        796   startup_stm32f10x_hd.o
       448          6          0          0          0       4406   stm32f10x_gpio.o
        26          0          0          0          0       3834   stm32f10x_it.o
       276         32          0         20          0       4406   stm32f10x_rcc.o
       972         92          0          0          0      12861   stm32f10x_tim.o
       408          6          0          0          0       4894   stm32f10x_usart.o
       328         28          0         20          0       2157   system_stm32f10x.o
       448         52          0         20          0       2439   timer.o
       456         54          0          8          0       1968   track.o
       884         66          0         20        200       5507   usart.o
      3166       1330         40         28          0       7686   usmart.o
         0          0        203        300          0       1624   usmart_config.o
      1328         20          0          0          0       8449   usmart_str.o

    ----------------------------------------------------------------------
     21980       2468       3804        480       1244     389324   Object Totals
         0          0         32          0          0          0   (incl. Generated)
        28          0          6          6          4          0   (incl. Padding)

    ----------------------------------------------------------------------

      Code (inc. data)   RO Data    RW Data    ZI Data      Debug   Library Member Name

       624         52         80          0          0        168   asin.o
       544         70        152          0          0        124   atan.o
       384         38          0          0          0        144   atan2.o
        38          6          0          0          0        272   dunder.o
        40          0          0          0          0         68   fpclassify.o
       170          0          0          0          0         96   poly.o
         0          0          8          0          0          0   qnan.o
        76          0          0          0          0         84   sqrt.o
        86          0          0          0          0          0   __dczerorl2.o
         0          0          0          0          0          0   entry.o
         0          0          0          0          0          0   entry10a.o
         0          0          0          0          0          0   entry11a.o
         8          4          0          0          0          0   entry2.o
         4          0          0          0          0          0   entry5.o
         0          0          0          0          0          0   entry7b.o
         0          0          0          0          0          0   entry8b.o
         8          4          0          0          0          0   entry9a.o
        12          6          0          4          0         68   errno.o
        30          0          0          0          0          0   handlers.o
        36          8          0          0          0         68   init.o
         0          0          0          0          0          0   iusefp.o
        98          0          0          0          0         84   ldiv.o
        30          0          0          0          0         68   llshl.o
        36          0          0          0          0         68   llsshr.o
        32          0          0          0          0         68   llushr.o
        26          0          0          0          0         80   memcmp.o
        36          0          0          0          0        108   memseta.o
      2226         90          0          0          0        444   printfa.o
        44          0          0          0          0         80   uidiv.o
        98          0          0          0          0         92   uldiv.o
        48          0          0          0          0         68   cdrcmple.o
        20          0          0          0          0         68   cfcmple.o
        20          0          0          0          0         68   cfrcmple.o
        56          0          0          0          0         88   d2f.o
       334          0          0          0          0        148   dadd.o
       222          0          0          0          0        100   ddiv.o
       186          0          0          0          0        176   depilogue.o
        48          0          0          0          0         68   dfixul.o
        34          0          0          0          0         76   dflti.o
       228          0          0          0          0         96   dmul.o
        46          0          0          0          0         80   dscalb.o
       162          0          0          0          0        100   dsqrt.o
        38          0          0          0          0         68   f2d.o
       176          0          0          0          0        140   fadd.o
       124          0          0          0          0         88   fdiv.o
       110          0          0          0          0        168   fepilogue.o
        50          0          0          0          0         68   ffixi.o
        40          0          0          0          0         68   ffixui.o
        18          0          0          0          0         68   fflti.o
        10          0          0          0          0         68   ffltui.o
       100          0          0          0          0         76   fmul.o

    ----------------------------------------------------------------------
      6764        278        240          4          0       4132   Library Totals
         8          0          0          0          0          0   (incl. Padding)

    ----------------------------------------------------------------------

      Code (inc. data)   RO Data    RW Data    ZI Data      Debug   Library Name

      1876        166        240          0          0        956   m_ws.l
      2810        112          0          4          0       1228   mc_w.l
      2070          0          0          0          0       1948   mf_w.l

    ----------------------------------------------------------------------
      6764        278        240          4          0       4132   Library Totals

    ----------------------------------------------------------------------

==============================================================================


      Code (inc. data)   RO Data    RW Data    ZI Data      Debug   

     28744       2746       4044        484       1244     382560   Grand Totals
     28744       2746       4044        140       1244     382560   ELF Image Totals (compressed)
     28744       2746       4044        140          0          0   ROM Totals

==============================================================================

    Total RO  Size (Code + RO Data)                32788 (  32.02kB)
    Total RW  Size (RW Data + ZI Data)              1728 (   1.69kB)
    Total ROM Size (Code + RO Data + RW Data)      32928 (  32.16kB)

==============================================================================

